Archive member included to satisfy reference by file (symbol)

c:/nxp/s32ds.3.5/s32ds/build_tools/gcc_v10.2/gcc-10.2-arm32-eabi/bin/../lib/gcc/arm-none-eabi/10.2.0/../../../../arm-none-eabi/lib/thumb/v7e-m+fp/hard\libc_nano.a(lib_a-memmove.o)
                              ./RTD/src/Siul2_Port_Ip.o (memmove)
c:/nxp/s32ds.3.5/s32ds/build_tools/gcc_v10.2/gcc-10.2-arm32-eabi/bin/../lib/gcc/arm-none-eabi/10.2.0/../../../../arm-none-eabi/lib/thumb/v7e-m+fp/hard\libc_nano.a(lib_a-memset.o)
                              ./Project_Settings/Startup_Code/startup.o (memset)

Discarded input sections

 .group         0x00000000        0xc ./Project_Settings/Startup_Code/exceptions.o
 .group         0x00000000        0xc ./Project_Settings/Startup_Code/exceptions.o
 .group         0x00000000        0xc ./Project_Settings/Startup_Code/exceptions.o
 .group         0x00000000        0xc ./Project_Settings/Startup_Code/exceptions.o
 .group         0x00000000        0xc ./Project_Settings/Startup_Code/exceptions.o
 .group         0x00000000        0xc ./Project_Settings/Startup_Code/exceptions.o
 .group         0x00000000        0xc ./Project_Settings/Startup_Code/exceptions.o
 .group         0x00000000        0xc ./Project_Settings/Startup_Code/exceptions.o
 .group         0x00000000        0xc ./Project_Settings/Startup_Code/exceptions.o
 .group         0x00000000        0xc ./Project_Settings/Startup_Code/exceptions.o
 .group         0x00000000        0xc ./Project_Settings/Startup_Code/exceptions.o
 .group         0x00000000        0xc ./Project_Settings/Startup_Code/exceptions.o
 .group         0x00000000        0xc ./Project_Settings/Startup_Code/exceptions.o
 .group         0x00000000        0xc ./Project_Settings/Startup_Code/exceptions.o
 .group         0x00000000        0xc ./Project_Settings/Startup_Code/exceptions.o
 .group         0x00000000        0xc ./Project_Settings/Startup_Code/exceptions.o
 .group         0x00000000        0xc ./Project_Settings/Startup_Code/exceptions.o
 .group         0x00000000        0xc ./Project_Settings/Startup_Code/exceptions.o
 .group         0x00000000        0xc ./Project_Settings/Startup_Code/exceptions.o
 .group         0x00000000        0xc ./Project_Settings/Startup_Code/exceptions.o
 .group         0x00000000        0xc ./Project_Settings/Startup_Code/exceptions.o
 .group         0x00000000        0xc ./Project_Settings/Startup_Code/exceptions.o
 .group         0x00000000        0xc ./Project_Settings/Startup_Code/exceptions.o
 .group         0x00000000        0xc ./Project_Settings/Startup_Code/exceptions.o
 .group         0x00000000        0xc ./Project_Settings/Startup_Code/exceptions.o
 .group         0x00000000        0xc ./Project_Settings/Startup_Code/exceptions.o
 .group         0x00000000        0xc ./Project_Settings/Startup_Code/nvic.o
 .group         0x00000000        0xc ./Project_Settings/Startup_Code/nvic.o
 .group         0x00000000        0xc ./Project_Settings/Startup_Code/nvic.o
 .group         0x00000000        0xc ./Project_Settings/Startup_Code/nvic.o
 .group         0x00000000        0xc ./Project_Settings/Startup_Code/nvic.o
 .group         0x00000000        0xc ./Project_Settings/Startup_Code/nvic.o
 .group         0x00000000        0xc ./Project_Settings/Startup_Code/nvic.o
 .group         0x00000000        0xc ./Project_Settings/Startup_Code/nvic.o
 .group         0x00000000        0xc ./Project_Settings/Startup_Code/nvic.o
 .group         0x00000000        0xc ./Project_Settings/Startup_Code/nvic.o
 .group         0x00000000        0xc ./Project_Settings/Startup_Code/nvic.o
 .group         0x00000000        0xc ./Project_Settings/Startup_Code/nvic.o
 .group         0x00000000        0xc ./Project_Settings/Startup_Code/nvic.o
 .group         0x00000000        0xc ./Project_Settings/Startup_Code/nvic.o
 .group         0x00000000        0xc ./Project_Settings/Startup_Code/nvic.o
 .group         0x00000000        0xc ./Project_Settings/Startup_Code/nvic.o
 .group         0x00000000        0xc ./Project_Settings/Startup_Code/nvic.o
 .group         0x00000000        0xc ./Project_Settings/Startup_Code/nvic.o
 .group         0x00000000        0xc ./Project_Settings/Startup_Code/nvic.o
 .group         0x00000000        0xc ./Project_Settings/Startup_Code/nvic.o
 .group         0x00000000        0xc ./Project_Settings/Startup_Code/nvic.o
 .group         0x00000000        0xc ./Project_Settings/Startup_Code/nvic.o
 .group         0x00000000        0xc ./Project_Settings/Startup_Code/nvic.o
 .group         0x00000000        0xc ./Project_Settings/Startup_Code/nvic.o
 .group         0x00000000        0xc ./Project_Settings/Startup_Code/nvic.o
 .group         0x00000000        0xc ./Project_Settings/Startup_Code/nvic.o
 .group         0x00000000        0xc ./Project_Settings/Startup_Code/nvic.o
 .group         0x00000000        0xc ./Project_Settings/Startup_Code/nvic.o
 .group         0x00000000        0xc ./Project_Settings/Startup_Code/nvic.o
[...]
Memory Configuration

Name             Origin             Length             Attributes
int_flash_c0     0x00400000         0x00100000
int_flash_c1     0x00500000         0x000d4000
int_itcm         0x00000000         0x00008000
int_dtcm         0x20000000         0x0000f000
int_stack_dtcm   0x2000f000         0x00001000
int_sram_c0      0x20400000         0x00003f00
int_sram_fls_rsv_c0 0x20403f00         0x00000100
int_sram_no_cacheable_c0 0x20404000         0x00002000
ram_end_c0       0x20406000         0x00000000
int_sram_c1      0x20406000         0x00001f00
int_sram_fls_rsv_c1 0x20407f00         0x00000100
int_sram_no_cacheable_c1 0x20408000         0x00004000
ram_end_c1       0x2040c000         0x00000000
int_sram_shareable 0x2040c000         0x00004000
ram_rsvd2        0x20410000         0x00000000
*default*        0x00000000         0xffffffff

Linker script and memory map

LOAD ./Project_Settings/Startup_Code/Vector_Table.o
LOAD ./Project_Settings/Startup_Code/exceptions.o
LOAD ./Project_Settings/Startup_Code/nvic.o
LOAD ./Project_Settings/Startup_Code/startup.o
LOAD ./Project_Settings/Startup_Code/startup_cm7.o
LOAD ./Project_Settings/Startup_Code/system.o
LOAD ./RTD/src/Clock_Ip.o
LOAD ./RTD/src/Clock_Ip_Data.o
LOAD ./RTD/src/Clock_Ip_Divider.o
LOAD ./RTD/src/Clock_Ip_DividerTrigger.o
LOAD ./RTD/src/Clock_Ip_ExtOsc.o
LOAD ./RTD/src/Clock_Ip_FracDiv.o
LOAD ./RTD/src/Clock_Ip_Frequency.o
LOAD ./RTD/src/Clock_Ip_Gate.o
LOAD ./RTD/src/Clock_Ip_IntOsc.o
LOAD ./RTD/src/Clock_Ip_Irq.o
LOAD ./RTD/src/Clock_Ip_Monitor.o
LOAD ./RTD/src/Clock_Ip_Pll.o
LOAD ./RTD/src/Clock_Ip_ProgFreqSwitch.o
LOAD ./RTD/src/Clock_Ip_Selector.o
LOAD ./RTD/src/Clock_Ip_Specific.o
LOAD ./RTD/src/Det.o
LOAD ./RTD/src/Det_stub.o
LOAD ./RTD/src/FlexCAN_Ip.o
LOAD ./RTD/src/FlexCAN_Ip_HwAccess.o
LOAD ./RTD/src/FlexCAN_Ip_Irq.o
LOAD ./RTD/src/Igf_Port_Ip.o
LOAD ./RTD/src/Lpi2c_Ip.o
LOAD ./RTD/src/Lpi2c_Ip_HwAccess.o
LOAD ./RTD/src/Lpi2c_Ip_Irq.o
LOAD ./RTD/src/Lpspi_Ip.o
LOAD ./RTD/src/Lpspi_Ip_Irq.o
LOAD ./RTD/src/Mcu.o
LOAD ./RTD/src/Mcu_Dem_Wrapper.o
LOAD ./RTD/src/Mcu_Ipw.o
LOAD ./RTD/src/OsIf_Interrupts.o
LOAD ./RTD/src/OsIf_Timer.o
LOAD ./RTD/src/OsIf_Timer_System.o
LOAD ./RTD/src/OsIf_Timer_System_Internal_Systick.o
LOAD ./RTD/src/Power_Ip.o
LOAD ./RTD/src/Power_Ip_AEC.o
LOAD ./RTD/src/Power_Ip_CortexM7.o
LOAD ./RTD/src/Power_Ip_DCM_GPR.o
LOAD ./RTD/src/Power_Ip_FLASH.o
LOAD ./RTD/src/Power_Ip_MC_ME.o
LOAD ./RTD/src/Power_Ip_MC_RGM.o
LOAD ./RTD/src/Power_Ip_MC_RGM_Irq.o
LOAD ./RTD/src/Power_Ip_PMC.o
LOAD ./RTD/src/Power_Ip_PMC_Irq.o
LOAD ./RTD/src/Power_Ip_Private.o
LOAD ./RTD/src/Ram_Ip.o
LOAD ./RTD/src/SchM_Can_43_FLEXCAN.o
LOAD ./RTD/src/SchM_Mcu.o
LOAD ./RTD/src/SchM_Port.o
LOAD ./RTD/src/SchM_Spi.o
LOAD ./RTD/src/Siul2_Port_Ip.o
LOAD ./RTD/src/Tspc_Port_Ip.o
LOAD ./board/Siul2_Port_Ip_Cfg.o
LOAD ./board/Tspc_Port_Ip_Cfg.o
LOAD ./generate/src/Clock_Ip_BOARD_InitPeripherals_PBcfg.o
LOAD ./generate/src/Clock_Ip_Cfg.o
LOAD ./generate/src/FlexCAN_Ip_Sa_BOARD_InitPeripherals_PBcfg.o
LOAD ./generate/src/Igf_Port_Ip_Cfg.o
LOAD ./generate/src/Lpi2c_Ip_BOARD_InitPeripherals_PBcfg.o
LOAD ./generate/src/Lpspi_Ip_Sa_BOARD_InitPeripherals_PBcfg.o
LOAD ./generate/src/Mcu_BOARD_InitPeripherals_PBcfg.o
LOAD ./generate/src/Mcu_Cfg.o
LOAD ./generate/src/OsIf_Cfg.o
LOAD ./generate/src/Power_Ip_BOARD_InitPeripherals_PBcfg.o
LOAD ./generate/src/Power_Ip_Cfg.o
LOAD ./generate/src/Ram_Ip_BOARD_InitPeripherals_PBcfg.o
LOAD ./generate/src/Ram_Ip_Cfg.o
LOAD ./src/main.o
LOAD c:/nxp/s32ds.3.5/s32ds/build_tools/gcc_v10.2/gcc-10.2-arm32-eabi/bin/../lib/gcc/arm-none-eabi/10.2.0/../../../../arm-none-eabi/lib/thumb/v7e-m+fp/hard\libc_nano.a
LOAD c:/nxp/s32ds.3.5/s32ds/build_tools/gcc_v10.2/gcc-10.2-arm32-eabi/bin/../lib/gcc/arm-none-eabi/10.2.0/../../../../arm-none-eabi/lib/thumb/v7e-m+fp/hard\libm.a
LOAD c:/nxp/s32ds.3.5/s32ds/build_tools/gcc_v10.2/gcc-10.2-arm32-eabi/bin/../lib/gcc/arm-none-eabi/10.2.0/thumb/v7e-m+fp/hard\libgcc.a
START GROUP
LOAD c:/nxp/s32ds.3.5/s32ds/build_tools/gcc_v10.2/gcc-10.2-arm32-eabi/bin/../lib/gcc/arm-none-eabi/10.2.0/thumb/v7e-m+fp/hard\libgcc.a
LOAD c:/nxp/s32ds.3.5/s32ds/build_tools/gcc_v10.2/gcc-10.2-arm32-eabi/bin/../lib/gcc/arm-none-eabi/10.2.0/../../../../arm-none-eabi/lib/thumb/v7e-m+fp/hard\libg_nano.a
LOAD c:/nxp/s32ds.3.5/s32ds/build_tools/gcc_v10.2/gcc-10.2-arm32-eabi/bin/../lib/gcc/arm-none-eabi/10.2.0/../../../../arm-none-eabi/lib/thumb/v7e-m+fp/hard\libc_nano.a
END GROUP
START GROUP
LOAD c:/nxp/s32ds.3.5/s32ds/build_tools/gcc_v10.2/gcc-10.2-arm32-eabi/bin/../lib/gcc/arm-none-eabi/10.2.0/thumb/v7e-m+fp/hard\libgcc.a
LOAD c:/nxp/s32ds.3.5/s32ds/build_tools/gcc_v10.2/gcc-10.2-arm32-eabi/bin/../lib/gcc/arm-none-eabi/10.2.0/../../../../arm-none-eabi/lib/thumb/v7e-m+fp/hard\libc_nano.a
LOAD c:/nxp/s32ds.3.5/s32ds/build_tools/gcc_v10.2/gcc-10.2-arm32-eabi/bin/../lib/gcc/arm-none-eabi/10.2.0/../../../../arm-none-eabi/lib/thumb/v7e-m+fp/hard\libnosys.a
END GROUP
START GROUP
LOAD c:/nxp/s32ds.3.5/s32ds/build_tools/gcc_v10.2/gcc-10.2-arm32-eabi/bin/../lib/gcc/arm-none-eabi/10.2.0/thumb/v7e-m+fp/hard\libgcc.a
LOAD c:/nxp/s32ds.3.5/s32ds/build_tools/gcc_v10.2/gcc-10.2-arm32-eabi/bin/../lib/gcc/arm-none-eabi/10.2.0/../../../../arm-none-eabi/lib/thumb/v7e-m+fp/hard\libc_nano.a
LOAD c:/nxp/s32ds.3.5/s32ds/build_tools/gcc_v10.2/gcc-10.2-arm32-eabi/bin/../lib/gcc/arm-none-eabi/10.2.0/../../../../arm-none-eabi/lib/thumb/v7e-m+fp/hard\libnosys.a
END GROUP
                0x00001000                HEAP_SIZE = DEFINED (__heap_size__)?__heap_size__:0x1000

.flash          0x00500000     0xb2f0
                0x00500000                . = ALIGN (0x800)
                0x00500000                __text_start = .
                0x00500000                __interrupts_init_start = .
 *(.intc_vector)
 .intc_vector   0x00500000      0x408 ./Project_Settings/Startup_Code/Vector_Table.o
                0x00500000                VTABLE
                0x00500408                . = ALIGN (0x4)
                0x00500408                __interrupts_init_end = .
 *(.core_loop)
 .core_loop     0x00500408        0xc ./Project_Settings/Startup_Code/startup_cm7.o
                0x00500408                _core_loop
                0x00500414                . = ALIGN (0x4)
 *(.startup)
 *fill*         0x00500414        0xc 
 .startup       0x00500420      0x190 ./Project_Settings/Startup_Code/startup_cm7.o
                0x00500420                Reset_Handler
                0x00500420                _start
                0x00500540                MCAL_LTB_TRACE_OFF
                0x00500542                _end_of_eunit_test
                0x005005b0                . = ALIGN (0x4)
 *(.text.startup)
 .text.startup  0x005005b0       0x10 ./src/main.o
                0x005005b0                main
                0x005005c0                . = ALIGN (0x4)
 *(.text)
 .text          0x005005c0        0x0 ./Project_Settings/Startup_Code/Vector_Table.o
 .text          0x005005c0        0x0 ./Project_Settings/Startup_Code/exceptions.o
 .text          0x005005c0        0x0 ./Project_Settings/Startup_Code/nvic.o
 .text          0x005005c0        0x0 ./Project_Settings/Startup_Code/startup.o
 .text          0x005005c0        0x0 ./Project_Settings/Startup_Code/startup_cm7.o
 .text          0x005005c0       0x10 ./Project_Settings/Startup_Code/system.o
                0x005005c0                Sys_GetCoreID
 .text          0x005005d0        0x0 ./RTD/src/Clock_Ip.o
 .text          0x005005d0        0x0 ./RTD/src/Clock_Ip_Data.o
 .text          0x005005d0        0x0 ./RTD/src/Clock_Ip_Divider.o
 .text          0x005005d0        0x0 ./RTD/src/Clock_Ip_DividerTrigger.o
 .text          0x005005d0        0x0 ./RTD/src/Clock_Ip_ExtOsc.o
 .text          0x005005d0        0x0 ./RTD/src/Clock_Ip_FracDiv.o
 .text          0x005005d0        0x0 ./RTD/src/Clock_Ip_Frequency.o
 .text          0x005005d0        0x0 ./RTD/src/Clock_Ip_Gate.o
 .text          0x005005d0        0x0 ./RTD/src/Clock_Ip_IntOsc.o
 .text          0x005005d0        0x0 ./RTD/src/Clock_Ip_Irq.o
 .text          0x005005d0        0x0 ./RTD/src/Clock_Ip_Monitor.o
 .text          0x005005d0        0x0 ./RTD/src/Clock_Ip_Pll.o
 .text          0x005005d0        0x0 ./RTD/src/Clock_Ip_ProgFreqSwitch.o
 .text          0x005005d0        0x0 ./RTD/src/Clock_Ip_Selector.o
 .text          0x005005d0        0x0 ./RTD/src/Clock_Ip_Specific.o
 .text          0x005005d0        0x0 ./RTD/src/Det.o
 .text          0x005005d0        0x0 ./RTD/src/Det_stub.o
 .text          0x005005d0       0x14 ./RTD/src/FlexCAN_Ip.o
 .text          0x005005e4       0x14 ./RTD/src/FlexCAN_Ip_HwAccess.o
 .text          0x005005f8        0x0 ./RTD/src/FlexCAN_Ip_Irq.o
 .text          0x005005f8        0x0 ./RTD/src/Igf_Port_Ip.o
 .text          0x005005f8        0x0 ./RTD/src/Lpi2c_Ip.o
 .text          0x005005f8        0x0 ./RTD/src/Lpi2c_Ip_HwAccess.o
 .text          0x005005f8        0x0 ./RTD/src/Lpi2c_Ip_Irq.o
 .text          0x005005f8       0x14 ./RTD/src/Lpspi_Ip.o
 .text          0x0050060c        0x0 ./RTD/src/Lpspi_Ip_Irq.o
 .text          0x0050060c        0x0 ./RTD/src/Mcu.o
 .text          0x0050060c        0x0 ./RTD/src/Mcu_Dem_Wrapper.o
 .text          0x0050060c        0x0 ./RTD/src/Mcu_Ipw.o
 .text          0x0050060c        0x0 ./RTD/src/OsIf_Interrupts.o
 .text          0x0050060c        0x0 ./RTD/src/OsIf_Timer.o
 .text          0x0050060c        0x0 ./RTD/src/OsIf_Timer_System.o
 .text          0x0050060c        0x0 ./RTD/src/OsIf_Timer_System_Internal_Systick.o
 .text          0x0050060c        0x0 ./RTD/src/Power_Ip.o
 .text          0x0050060c        0x0 ./RTD/src/Power_Ip_AEC.o
 .text          0x0050060c        0x0 ./RTD/src/Power_Ip_CortexM7.o
 .text          0x0050060c        0x0 ./RTD/src/Power_Ip_DCM_GPR.o
 .text          0x0050060c        0x0 ./RTD/src/Power_Ip_FLASH.o
 .text          0x0050060c        0x0 ./RTD/src/Power_Ip_MC_ME.o
 .text          0x0050060c        0x0 ./RTD/src/Power_Ip_MC_RGM.o
 .text          0x0050060c        0x0 ./RTD/src/Power_Ip_MC_RGM_Irq.o
 .text          0x0050060c        0x0 ./RTD/src/Power_Ip_PMC.o
 .text          0x0050060c        0x0 ./RTD/src/Power_Ip_PMC_Irq.o
 .text          0x0050060c        0x0 ./RTD/src/Power_Ip_Private.o
 .text          0x0050060c        0x0 ./RTD/src/Ram_Ip.o
 .text          0x0050060c        0x6 ./RTD/src/SchM_Can_43_FLEXCAN.o
                0x0050060c                Can_43_FLEXCAN_schm_read_msr
 .text          0x00500612        0x6 ./RTD/src/SchM_Mcu.o
                0x00500612                Mcu_schm_read_msr
 .text          0x00500618        0x6 ./RTD/src/SchM_Port.o
                0x00500618                Port_schm_read_msr
 .text          0x0050061e        0x6 ./RTD/src/SchM_Spi.o
                0x0050061e                Spi_schm_read_msr
 .text          0x00500624       0x14 ./RTD/src/Siul2_Port_Ip.o
 .text          0x00500638        0x0 ./RTD/src/Tspc_Port_Ip.o
 .text          0x00500638        0x0 ./board/Siul2_Port_Ip_Cfg.o
 .text          0x00500638        0x0 ./board/Tspc_Port_Ip_Cfg.o
 .text          0x00500638        0x0 ./generate/src/Clock_Ip_BOARD_InitPeripherals_PBcfg.o
 .text          0x00500638        0x0 ./generate/src/Clock_Ip_Cfg.o
 .text          0x00500638        0x0 ./generate/src/FlexCAN_Ip_Sa_BOARD_InitPeripherals_PBcfg.o
 .text          0x00500638        0x0 ./generate/src/Igf_Port_Ip_Cfg.o
 .text          0x00500638        0x0 ./generate/src/Lpi2c_Ip_BOARD_InitPeripherals_PBcfg.o
 .text          0x00500638        0x0 ./generate/src/Lpspi_Ip_Sa_BOARD_InitPeripherals_PBcfg.o
 .text          0x00500638        0x0 ./generate/src/Mcu_BOARD_InitPeripherals_PBcfg.o
 .text          0x00500638        0x0 ./generate/src/Mcu_Cfg.o
 .text          0x00500638        0x0 ./generate/src/OsIf_Cfg.o
 .text          0x00500638        0x0 ./generate/src/Power_Ip_BOARD_InitPeripherals_PBcfg.o
 .text          0x00500638        0x0 ./generate/src/Power_Ip_Cfg.o
 .text          0x00500638        0x0 ./generate/src/Ram_Ip_BOARD_InitPeripherals_PBcfg.o
 .text          0x00500638        0x0 ./generate/src/Ram_Ip_Cfg.o
 .text          0x00500638        0x0 ./src/main.o
 .text          0x00500638        0x0 c:/nxp/s32ds.3.5/s32ds/build_tools/gcc_v10.2/gcc-10.2-arm32-eabi/bin/../lib/gcc/arm-none-eabi/10.2.0/../../../../arm-none-eabi/lib/thumb/v7e-m+fp/hard\libc_nano.a(lib_a-memmove.o)
 .text          0x00500638        0x0 c:/nxp/s32ds.3.5/s32ds/build_tools/gcc_v10.2/gcc-10.2-arm32-eabi/bin/../lib/gcc/arm-none-eabi/10.2.0/../../../../arm-none-eabi/lib/thumb/v7e-m+fp/hard\libc_nano.a(lib_a-memset.o)
 *(.text*)
 .text.memmove  0x00500638       0x34 c:/nxp/s32ds.3.5/s32ds/build_tools/gcc_v10.2/gcc-10.2-arm32-eabi/bin/../lib/gcc/arm-none-eabi/10.2.0/../../../../arm-none-eabi/lib/thumb/v7e-m+fp/hard\libc_nano.a(lib_a-memmove.o)
                0x00500638                memmove
 .text.memset   0x0050066c       0x10 c:/nxp/s32ds.3.5/s32ds/build_tools/gcc_v10.2/gcc-10.2-arm32-eabi/bin/../lib/gcc/arm-none-eabi/10.2.0/../../../../arm-none-eabi/lib/thumb/v7e-m+fp/hard\libc_nano.a(lib_a-memset.o)
                0x0050066c                memset
                0x0050067c                . = ALIGN (0x4)
 *(.mcal_text)
 .mcal_text     0x0050067c       0x14 ./Project_Settings/Startup_Code/exceptions.o
                0x0050067c                NMI_Handler
                0x0050067e                HardFault_Handler
                0x00500680                MemManage_Handler
                0x00500682                BusFault_Handler
                0x00500684                UsageFault_Handler
                0x00500686                SVC_Handler
                0x00500688                DebugMon_Handler
                0x0050068a                PendSV_Handler
                0x0050068c                SysTick_Handler
                0x0050068e                undefined_handler
 .mcal_text     0x00500690       0x52 ./Project_Settings/Startup_Code/nvic.o
                0x00500690                NVIC_SetPriorityGrouping
                0x005006a4                NVIC_EnableIRQ
                0x005006bc                NVIC_DisableIRQ
                0x005006d4                NVIC_SetPriority
 *fill*         0x005006e2        0x2 
 .mcal_text     0x005006e4       0xe8 ./Project_Settings/Startup_Code/startup.o
                0x005006e4                init_data_bss
                0x00500770                init_data_bss_core2
 .mcal_text     0x005007cc      0x2ec ./Project_Settings/Startup_Code/system.o
                0x005007cc                startup_go_to_user_mode
                0x005007ce                default_interrupt_routine
                0x005007d0                SystemInit
 .mcal_text     0x00500ab8      0x88c ./RTD/src/Clock_Ip.o
                0x00500aba                Clock_Ip_InitClock
                0x00501068                Clock_Ip_GetPllStatus
                0x0050110c                Clock_Ip_DistributePll
                0x005011f8                Clock_Ip_Init
                0x0050121c                Clock_Ip_DisableClockMonitor
                0x00501240                Clock_Ip_InstallNotificationsCallback
                0x0050124c                Clock_Ip_DisableModuleClock
                0x00501274                Clock_Ip_EnableModuleClock
                0x0050129c                Clock_Ip_DisableFircInStandby
                0x005012b4                Clock_Ip_EnableFircInStandby
                0x005012cc                Clock_Ip_DisableSircInStandby
                0x005012e4                Clock_Ip_EnableSircInStandby
                0x005012fc                Clock_Ip_ReportClockErrors
                0x00501308                Clock_Ip_StartTimeout
                0x00501328                Clock_Ip_TimeoutExpired
 .mcal_text     0x00501344      0x120 ./RTD/src/Clock_Ip_Divider.o
 .mcal_text     0x00501464       0x9c ./RTD/src/Clock_Ip_DividerTrigger.o
 .mcal_text     0x00501500      0x1c4 ./RTD/src/Clock_Ip_ExtOsc.o
 .mcal_text     0x005016c4        0x6 ./RTD/src/Clock_Ip_FracDiv.o
 .mcal_text     0x005016ca        0x2 ./RTD/src/Clock_Ip_Frequency.o
                0x005016ca                Clock_Ip_SetExternalSignalFrequency
 .mcal_text     0x005016cc      0x128 ./RTD/src/Clock_Ip_Gate.o
 .mcal_text     0x005017f4      0x104 ./RTD/src/Clock_Ip_IntOsc.o
 .mcal_text     0x005018f8        0x4 ./RTD/src/Clock_Ip_Irq.o
                0x005018f8                Mcu_Cmu_ClockFail_IRQHandler
 .mcal_text     0x005018fc      0x204 ./RTD/src/Clock_Ip_Monitor.o
                0x00501aa8                Clock_Ip_CMU_GetInterruptStatus
                0x00501abc                Clock_Ip_CMU_ClockFailInt
 .mcal_text     0x00501b00      0x17c ./RTD/src/Clock_Ip_Pll.o
 .mcal_text     0x00501c7c      0x154 ./RTD/src/Clock_Ip_ProgFreqSwitch.o
 .mcal_text     0x00501dd0      0x3dc ./RTD/src/Clock_Ip_Selector.o
                0x00502180                Clock_Ip_SetRtcRtccClksel_TrustedCall
 .mcal_text     0x005021ac      0x2c8 ./RTD/src/Clock_Ip_Specific.o
                0x005021ac                Clock_Ip_McMeEnterKey
                0x005021c0                Clock_Ip_PowerClockIpModules
                0x005023c0                DisableFircInStandbyMode
                0x005023d0                EnableFircInStandbyMode
                0x005023ec                DisableSircInStandbyMode
                0x005023fc                EnableSircInStandbyMode
                0x00502418                Clock_Ip_Command
                0x00502468                Clock_Ip_FLASH_SetFlashIWS
                0x0050246c                Clock_Ip_SetFlashWaitStates
                0x00502470                Clock_Ip_SetRamWaitStates
 .mcal_text     0x00502474       0xa4 ./RTD/src/Det.o
                0x00502474                Det_Init
                0x00502476                Det_ReportError
                0x005024ac                Det_ReportRuntimeError
                0x005024e0                Det_ReportTransientFault
                0x00502514                Det_Start
 .mcal_text     0x00502518      0x21c ./RTD/src/Det_stub.o
                0x00502518                Det_TestLastReportError
                0x00502580                Det_TestLastReportRuntimeError
                0x005025e8                Det_TestLastReportTransientFault
                0x00502650                Det_TestNoError
                0x0050269c                Det_TestNoRuntimeError
                0x005026e8                Det_TestNoTransientFault
 .mcal_text     0x00502734     0x2134 ./RTD/src/FlexCAN_Ip.o
                0x00502ef8                FlexCAN_Ip_Init_Privileged
                0x00503100                FlexCAN_Ip_Send
                0x00503178                FlexCAN_Ip_ConfigRxMb
                0x0050320c                FlexCAN_Ip_Receive
                0x0050325c                FlexCAN_Ip_ReceiveBlocking
                0x00503348                FlexCAN_Ip_RxFifo
                0x00503390                FlexCAN_Ip_RxFifoBlocking
                0x00503480                FlexCAN_Ip_ConfigRxFifo_Privileged
                0x005034ec                FlexCAN_Ip_ConfigEnhancedRxFifo_Privileged
                0x0050355c                FlexCAN_Ip_ConfigRemoteResponseMb
                0x0050361c                FlexCAN_Ip_GetTransferStatus
                0x00503660                FlexCAN_IRQHandler
                0x00503828                FlexCAN_Ip_ClearErrorStatus
                0x00503844                FlexCAN_Ip_GetErrorStatus
                0x00503860                FlexCAN_Ip_GetControllerTxErrorCounter
                0x00503880                FlexCAN_Ip_GetControllerRxErrorCounter
                0x005038a0                FlexCAN_Busoff_Error_IRQHandler
                0x00503978                FlexCAN_Ip_SendBlocking
                0x00503a70                FlexCAN_Ip_SetRxMbGlobalMask_Privileged
                0x00503ac4                FlexCAN_Ip_EnterFreezeMode_Privileged
                0x00503ad4                FlexCAN_Ip_ExitFreezeMode_Privileged
                0x00503ae4                FlexCAN_Ip_SetRxIndividualMask_Privileged
                0x00503b5c                FlexCAN_Ip_SetRxFifoGlobalMask_Privileged
                0x00503bb4                FlexCAN_Ip_Deinit_Privileged
                0x00503ca4                FlexCAN_Ip_MainFunctionRead
                0x00503d44                FlexCAN_Ip_MainFunctionBusOff_Privileged
                0x00503d88                FlexCAN_Ip_MainFunctionWrite
                0x00503e38                FlexCAN_Ip_GetStopMode_Privileged
                0x00503e4c                FlexCAN_Ip_GetStartMode_Privileged
                0x00503e64                FlexCAN_Ip_SetStartMode_Privileged
                0x00503e98                FlexCAN_Ip_SetStopMode_Privileged
                0x00503ec8                FlexCAN_Ip_SetRxMaskType_Privileged
                0x00503f34                FlexCAN_Ip_SetBitrate_Privileged
                0x00503fd8                FlexCAN_Ip_GetBitrate
                0x0050408c                FlexCAN_Ip_ClearTDCFail
                0x005040d4                FlexCAN_Ip_GetTDCFail
                0x00504108                FlexCAN_Ip_GetTDCValue
                0x0050413c                FlexCAN_Ip_SetBitrateCbt_Privileged
                0x00504204                FlexCAN_Ip_GetBitrateFD
                0x005042a0                FlexCAN_Ip_SetTDCOffset_Privileged
                0x0050434c                FlexCAN_Ip_SetTxArbitrationStartDelay_Privileged
                0x005043b8                FlexCAN_Ip_GetBuffStatusFlag
                0x005043ec                FlexCAN_Ip_ClearBuffStatusFlag
                0x0050441c                FlexCAN_Ip_EnableInterrupts_Privileged
                0x00504478                FlexCAN_Ip_DisableInterrupts_Privileged
                0x005044c8                FlexCAN_Ip_SetErrorInt_Privileged
                0x00504560                FlexCAN_Ip_AbortTransfer
                0x005046bc                FlexCAN_Ip_SetRxMb14Mask_Privileged
                0x00504714                FlexCAN_Ip_SetRxMb15Mask_Privileged
                0x0050476c                FlexCAN_Ip_SetListenOnlyMode_Privileged
                0x005047dc                FlexCAN_Ip_GetListenOnlyMode
                0x005047f0                FlexCAN_Ip_ManualBusOffRecovery
 .mcal_text     0x00504868      0xdc4 ./RTD/src/FlexCAN_Ip_HwAccess.o
                0x0050489a                FlexCAN_ComputePayloadSize
                0x005048b4                FlexCAN_GetMsgBuffRegion
                0x00504910                FlexCAN_GetMaxMbNum
                0x0050493c                FlexCAN_EnterFreezeMode
                0x0050499c                FlexCAN_Enable
                0x005049e6                FlexCAN_ExitFreezeMode
                0x00504a38                FlexCAN_Disable
                0x00504a88                FlexCAN_SetErrIntCmd
                0x00504af0                FlexCAN_Init
                0x00504bd0                FlexCAN_EnableRxFifo
                0x00504c1e                FlexCAN_SetPayloadSize
                0x00504c6e                FlexCAN_GetMbPayloadSize
                0x00504c9a                FlexCAN_LockRxMsgBuff
                0x00504ca4                FlexCAN_SetMsgBuffIntCmd
                0x00504d34                FLEXCAN_ClearMsgBuffIntCmd
                0x00504d94                FlexCAN_DisableInterrupts
                0x00504da8                FlexCAN_EnableInterrupts
                0x00504dcc                FlexCAN_SetRxMsgBuff
                0x00504e58                FlexCAN_GetMsgBuffTimestamp
                0x00504e64                FlexCAN_GetMsgBuff
                0x00504efa                FlexCAN_SetTxMsgBuff
                0x00505008                FlexCAN_SetMaxMsgBuffNum
                0x0050509e                FlexCAN_SetOperationMode
                0x005050dc                FlexCAN_SetRxFifoFilter
                0x00505284                FlexCAN_ReadRxFifo
                0x005052ec                FlexCAN_ReadEnhancedRxFifo
                0x0050537c                FlexCAN_IsMbOutOfRange
                0x0050539e                FlexCAN_IsEnhancedRxFifoAvailable
                0x005053ac                FlexCAN_EnableEnhancedRxFifo
                0x0050543a                FlexCAN_SetEnhancedRxFifoFilter
                0x0050559c                FlexCAN_ConfigCtrlOptions
                0x00505618                FlexCAN_ResetImaskBuff
 .mcal_text     0x0050562c       0x6c ./RTD/src/FlexCAN_Ip_Irq.o
                0x0050562c                CAN0_ORED_IRQHandler
                0x00505632                CAN0_ORED_0_31_MB_IRQHandler
                0x0050563e                CAN0_ORED_32_63_MB_IRQHandler
                0x0050564a                CAN1_ORED_IRQHandler
                0x00505650                CAN1_ORED_0_31_MB_IRQHandler
                0x0050565c                CAN1_ORED_32_63_MB_IRQHandler
                0x00505668                CAN2_ORED_IRQHandler
                0x0050566e                CAN2_ORED_0_31_MB_IRQHandler
                0x0050567a                CAN2_ORED_32_63_MB_IRQHandler
                0x00505686                CAN3_ORED_IRQHandler
                0x0050568c                CAN3_ORED_0_31_MB_IRQHandler
 .mcal_text     0x00505698      0xe18 ./RTD/src/Lpi2c_Ip.o
                0x005059f0                Lpi2c_Ip_MasterSetBaudRate
                0x00505adc                Lpi2c_Ip_MasterInit
                0x00505c34                Lpi2c_Ip_MasterDeinit
                0x00505c58                Lpi2c_Ip_MasterGetBaudRate
                0x00505cac                Lpi2c_Ip_MasterSetSlaveAddr
                0x00505cc0                Lpi2c_Ip_MasterSendData
                0x00505d20                Lpi2c_Ip_MasterSendDataBlocking
                0x00505e1c                Lpi2c_Ip_MasterReceiveData
                0x00505e78                Lpi2c_Ip_MasterReceiveDataBlocking
                0x00505fa0                Lpi2c_Ip_MasterGetTransferStatus
                0x00505fbc                Lpi2c_Ip_MasterIRQHandler
                0x005060dc                Lpi2c_Ip_SlaveInit
                0x00506204                Lpi2c_Ip_StartListening
                0x00506208                Lpi2c_Ip_SlaveDeinit
                0x00506254                Lpi2c_Ip_SlaveSetBuffer
                0x00506268                Lpi2c_Ip_SlaveGetTransferStatus
                0x00506284                Lpi2c_Ip_SlaveIRQHandler
                0x00506408                Lpi2c_Ip_ModuleIRQHandler
                0x00506478                Lpi2c_Ip_SetMasterCallback
                0x00506488                Lpi2c_Ip_SetSlaveCallback
                0x00506498                Lpi2c_Ip_SetMasterHighSpeedMode
 .mcal_text     0x005064b0       0x1e ./RTD/src/Lpi2c_Ip_HwAccess.o
                0x005064b0                Lpi2c_Ip_Init
 .mcal_text     0x005064ce        0xc ./RTD/src/Lpi2c_Ip_Irq.o
                0x005064ce                LPI2C0_Master_Slave_IRQHandler
                0x005064d4                LPI2C1_Master_Slave_IRQHandler
 *fill*         0x005064da        0x2 
 .mcal_text     0x005064dc      0x8cc ./RTD/src/Lpspi_Ip.o
                0x005067ee                Lpspi_Ip_DeInit
                0x00506838                Lpspi_Ip_SyncTransmit
                0x00506aac                Lpspi_Ip_AsyncTransmit
                0x00506b54                Lpspi_Ip_ManageBuffers
                0x00506ba4                Lpspi_Ip_UpdateFrameSize
                0x00506bf0                Lpspi_Ip_UpdateLsb
                0x00506c24                Lpspi_Ip_UpdateDefaultTransmitData
                0x00506c58                Lpspi_Ip_UpdateTransferMode
                0x00506c8c                Lpspi_Ip_Init
                0x00506cf4                Lpspi_Ip_Cancel
                0x00506d54                Lpspi_Ip_IrqHandler
                0x00506d88                Lpspi_Ip_GetStatus
 .mcal_text     0x00506da8        0x6 ./RTD/src/Lpspi_Ip_Irq.o
                0x00506da8                Lpspi_Ip_LPSPI_0_IRQHandler
 *fill*         0x00506dae        0x2 
 .mcal_text     0x00506db0       0xc4 ./RTD/src/Mcu.o
                0x00506db0                Mcu_Init
                0x00506e00                Mcu_InitRamSection
                0x00506e04                Mcu_InitClock
                0x00506e28                Mcu_SetMode
                0x00506e54                Mcu_DistributePllClock
                0x00506e5e                Mcu_GetPllStatus
                0x00506e62                Mcu_GetResetReason
                0x00506e66                Mcu_GetResetRawValue
                0x00506e6a                Mcu_DisableCmu
                0x00506e6e                Mcu_SleepOnExit
                0x00506e72                Mcu_ClkSrcFailureNotification
 .mcal_text     0x00506e74       0x58 ./RTD/src/Mcu_Ipw.o
                0x00506e74                Mcu_Ipw_ClockNotificationsCallback
                0x00506e7e                Mcu_Ipw_Init
                0x00506e98                Mcu_Ipw_InitClock
                0x00506e9c                Mcu_Ipw_DistributePllClock
                0x00506ea0                Mcu_Ipw_GetPllStatus
                0x00506eb0                Mcu_Ipw_SetMode
                0x00506eb4                Mcu_Ipw_GetResetReason
                0x00506eb8                Mcu_Ipw_GetResetRawValue
                0x00506ebc                Mcu_Ipw_DisableCmu
                0x00506ec0                Mcu_Ipw_SleepOnExit
 .mcal_text     0x00506ecc       0x1e ./RTD/src/OsIf_Timer.o
                0x00506ecc                OsIf_Init
                0x00506ed4                OsIf_GetCounter
                0x00506ed8                OsIf_GetElapsed
                0x00506ee0                OsIf_SetTimerFrequency
                0x00506ee2                OsIf_MicrosToTicks
 .mcal_text     0x00506eea       0x42 ./RTD/src/OsIf_Timer_System_Internal_Systick.o
                0x00506eea                OsIf_Timer_System_Internal_Init
                0x00506f00                OsIf_Timer_System_Internal_GetCounter
                0x00506f0c                OsIf_Timer_System_Internal_GetElapsed
 .mcal_text     0x00506f2c       0xec ./RTD/src/Power_Ip.o
                0x00506f60                Power_Ip_SetMode
                0x00506fc8                Power_Ip_GetPreviousMode
                0x00506fcc                Power_Ip_GetResetReason
                0x00506fe8                Power_Ip_GetResetRawValue
                0x00506fec                Power_Ip_Init
                0x00507006                Power_Ip_InstallNotificationsCallback
                0x00507010                Power_Ip_EnableSleepOnExit
                0x00507014                Power_Ip_DisableSleepOnExit
 .mcal_text     0x00507018       0x48 ./RTD/src/Power_Ip_CortexM7.o
                0x00507018                Power_Ip_CM7_DisableSleepOnExit
                0x0050702a                Power_Ip_CM7_EnableSleepOnExit
                0x0050703c                Power_Ip_CM7_DisableDeepSleep
                0x0050704e                Power_Ip_CM7_EnableDeepSleep
 .mcal_text     0x00507060       0x4c ./RTD/src/Power_Ip_DCM_GPR.o
                0x00507060                Power_Ip_DCM_GPR_Config
                0x00507090                Power_Ip_DCM_GPR_GlobalPadkeepingConfig
 .mcal_text     0x005070ac       0x10 ./RTD/src/Power_Ip_FLASH.o
                0x005070ac                Power_Ip_FLASH_HighVoltageOperationOngoing
 .mcal_text     0x005070bc      0x2dc ./RTD/src/Power_Ip_MC_ME.o
                0x00507142                Power_Ip_MC_ME_ConfigCoreCOFBClock
                0x005072cc                Power_Ip_MC_ME_EnablePartitionClock
                0x005072f6                Power_Ip_MC_ME_DisablePartitionClock
                0x00507320                Power_Ip_MC_ME_SocTriggerResetEvent
                0x0050733c                Power_Ip_MC_ME_CoreStandbyEntry
                0x00507352                Power_Ip_MC_ME_SocStandbyEntry
                0x00507384                Power_Ip_MC_ME_GetPreviousMode
 .mcal_text     0x00507398      0x244 ./RTD/src/Power_Ip_MC_RGM.o
                0x00507428                Power_Ip_MC_RGM_ResetInit
                0x00507458                Power_Ip_MC_RGM_GetResetReason
                0x00507508                Power_Ip_MC_RGM_GetResetRawValue
                0x005075b8                Power_Ip_MC_RGM_ResetDuringStandby
 .mcal_text     0x005075dc       0xd8 ./RTD/src/Power_Ip_PMC.o
                0x005075dc                Power_Ip_PMC_PowerInit
                0x00507684                Power_Ip_PMC_PrepareLowPowerEntry
 .mcal_text     0x005076b4       0x4c ./RTD/src/Power_Ip_Private.o
                0x005076b4                Power_Ip_ReportPowerErrors
                0x005076c0                Power_Ip_ReportPowerErrorsEmptyCallback
                0x005076c2                Power_Ip_StartTimeout
                0x005076e2                Power_Ip_TimeoutExpired
 .mcal_text     0x00507700       0xe4 ./RTD/src/Ram_Ip.o
                0x00507700                Ram_Ip_InitRamSection
 .mcal_text     0x005077e4      0x834 ./RTD/src/SchM_Can_43_FLEXCAN.o
                0x005077e4                SchM_Enter_Can_43_FLEXCAN_CAN_EXCLUSIVE_AREA_00
                0x00507818                SchM_Exit_Can_43_FLEXCAN_CAN_EXCLUSIVE_AREA_00
                0x00507848                SchM_Enter_Can_43_FLEXCAN_CAN_EXCLUSIVE_AREA_01
                0x0050787c                SchM_Exit_Can_43_FLEXCAN_CAN_EXCLUSIVE_AREA_01
                0x005078ac                SchM_Enter_Can_43_FLEXCAN_CAN_EXCLUSIVE_AREA_02
                0x005078e0                SchM_Exit_Can_43_FLEXCAN_CAN_EXCLUSIVE_AREA_02
                0x00507910                SchM_Enter_Can_43_FLEXCAN_CAN_EXCLUSIVE_AREA_03
                0x00507944                SchM_Exit_Can_43_FLEXCAN_CAN_EXCLUSIVE_AREA_03
                0x00507974                SchM_Enter_Can_43_FLEXCAN_CAN_EXCLUSIVE_AREA_04
                0x005079a8                SchM_Exit_Can_43_FLEXCAN_CAN_EXCLUSIVE_AREA_04
                0x005079d8                SchM_Enter_Can_43_FLEXCAN_CAN_EXCLUSIVE_AREA_05
                0x00507a0c                SchM_Exit_Can_43_FLEXCAN_CAN_EXCLUSIVE_AREA_05
                0x00507a3c                SchM_Enter_Can_43_FLEXCAN_CAN_EXCLUSIVE_AREA_06
                0x00507a70                SchM_Exit_Can_43_FLEXCAN_CAN_EXCLUSIVE_AREA_06
                0x00507aa0                SchM_Enter_Can_43_FLEXCAN_CAN_EXCLUSIVE_AREA_07
                0x00507ad4                SchM_Exit_Can_43_FLEXCAN_CAN_EXCLUSIVE_AREA_07
                0x00507b04                SchM_Enter_Can_43_FLEXCAN_CAN_EXCLUSIVE_AREA_08
                0x00507b38                SchM_Exit_Can_43_FLEXCAN_CAN_EXCLUSIVE_AREA_08
                0x00507b68                SchM_Enter_Can_43_FLEXCAN_CAN_EXCLUSIVE_AREA_09
                0x00507b9c                SchM_Exit_Can_43_FLEXCAN_CAN_EXCLUSIVE_AREA_09
                0x00507bcc                SchM_Enter_Can_43_FLEXCAN_CAN_EXCLUSIVE_AREA_10
                0x00507c00                SchM_Exit_Can_43_FLEXCAN_CAN_EXCLUSIVE_AREA_10
                0x00507c30                SchM_Enter_Can_43_FLEXCAN_CAN_EXCLUSIVE_AREA_11
                0x00507c64                SchM_Exit_Can_43_FLEXCAN_CAN_EXCLUSIVE_AREA_11
                0x00507c94                SchM_Enter_Can_43_FLEXCAN_CAN_EXCLUSIVE_AREA_12
                0x00507cc8                SchM_Exit_Can_43_FLEXCAN_CAN_EXCLUSIVE_AREA_12
                0x00507cf8                SchM_Enter_Can_43_FLEXCAN_CAN_EXCLUSIVE_AREA_13
                0x00507d2c                SchM_Exit_Can_43_FLEXCAN_CAN_EXCLUSIVE_AREA_13
                0x00507d5c                SchM_Enter_Can_43_FLEXCAN_CAN_EXCLUSIVE_AREA_14
                0x00507d90                SchM_Exit_Can_43_FLEXCAN_CAN_EXCLUSIVE_AREA_14
                0x00507dc0                SchM_Enter_Can_43_FLEXCAN_CAN_EXCLUSIVE_AREA_15
                0x00507df4                SchM_Exit_Can_43_FLEXCAN_CAN_EXCLUSIVE_AREA_15
                0x00507e24                SchM_Enter_Can_43_FLEXCAN_CAN_EXCLUSIVE_AREA_16
                0x00507e58                SchM_Exit_Can_43_FLEXCAN_CAN_EXCLUSIVE_AREA_16
                0x00507e88                SchM_Enter_Can_43_FLEXCAN_CAN_EXCLUSIVE_AREA_17
                0x00507ebc                SchM_Exit_Can_43_FLEXCAN_CAN_EXCLUSIVE_AREA_17
                0x00507eec                SchM_Enter_Can_43_FLEXCAN_CAN_EXCLUSIVE_AREA_18
                0x00507f20                SchM_Exit_Can_43_FLEXCAN_CAN_EXCLUSIVE_AREA_18
                0x00507f50                SchM_Enter_Can_43_FLEXCAN_CAN_EXCLUSIVE_AREA_19
                0x00507f84                SchM_Exit_Can_43_FLEXCAN_CAN_EXCLUSIVE_AREA_19
                0x00507fb4                SchM_Enter_Can_43_FLEXCAN_CAN_EXCLUSIVE_AREA_20
                0x00507fe8                SchM_Exit_Can_43_FLEXCAN_CAN_EXCLUSIVE_AREA_20
 .mcal_text     0x00508018      0x12c ./RTD/src/SchM_Mcu.o
                0x00508018                SchM_Enter_Mcu_MCU_EXCLUSIVE_AREA_00
                0x0050804c                SchM_Exit_Mcu_MCU_EXCLUSIVE_AREA_00
                0x0050807c                SchM_Enter_Mcu_MCU_EXCLUSIVE_AREA_01
                0x005080b0                SchM_Exit_Mcu_MCU_EXCLUSIVE_AREA_01
                0x005080e0                SchM_Enter_Mcu_MCU_EXCLUSIVE_AREA_02
                0x00508114                SchM_Exit_Mcu_MCU_EXCLUSIVE_AREA_02
 .mcal_text     0x00508144      0xaf0 ./RTD/src/SchM_Port.o
                0x00508144                SchM_Enter_Port_PORT_EXCLUSIVE_AREA_00
                0x00508178                SchM_Exit_Port_PORT_EXCLUSIVE_AREA_00
                0x005081a8                SchM_Enter_Port_PORT_EXCLUSIVE_AREA_01
                0x005081dc                SchM_Exit_Port_PORT_EXCLUSIVE_AREA_01
                0x0050820c                SchM_Enter_Port_PORT_EXCLUSIVE_AREA_02
                0x00508240                SchM_Exit_Port_PORT_EXCLUSIVE_AREA_02
                0x00508270                SchM_Enter_Port_PORT_EXCLUSIVE_AREA_03
                0x005082a4                SchM_Exit_Port_PORT_EXCLUSIVE_AREA_03
                0x005082d4                SchM_Enter_Port_PORT_EXCLUSIVE_AREA_04
                0x00508308                SchM_Exit_Port_PORT_EXCLUSIVE_AREA_04
                0x00508338                SchM_Enter_Port_PORT_EXCLUSIVE_AREA_05
                0x0050836c                SchM_Exit_Port_PORT_EXCLUSIVE_AREA_05
                0x0050839c                SchM_Enter_Port_PORT_EXCLUSIVE_AREA_06
                0x005083d0                SchM_Exit_Port_PORT_EXCLUSIVE_AREA_06
                0x00508400                SchM_Enter_Port_PORT_EXCLUSIVE_AREA_07
                0x00508434                SchM_Exit_Port_PORT_EXCLUSIVE_AREA_07
                0x00508464                SchM_Enter_Port_PORT_EXCLUSIVE_AREA_08
                0x00508498                SchM_Exit_Port_PORT_EXCLUSIVE_AREA_08
                0x005084c8                SchM_Enter_Port_PORT_EXCLUSIVE_AREA_09
                0x005084fc                SchM_Exit_Port_PORT_EXCLUSIVE_AREA_09
                0x0050852c                SchM_Enter_Port_PORT_EXCLUSIVE_AREA_10
                0x00508560                SchM_Exit_Port_PORT_EXCLUSIVE_AREA_10
                0x00508590                SchM_Enter_Port_PORT_EXCLUSIVE_AREA_11
                0x005085c4                SchM_Exit_Port_PORT_EXCLUSIVE_AREA_11
                0x005085f4                SchM_Enter_Port_PORT_EXCLUSIVE_AREA_12
                0x00508628                SchM_Exit_Port_PORT_EXCLUSIVE_AREA_12
                0x00508658                SchM_Enter_Port_PORT_EXCLUSIVE_AREA_13
                0x0050868c                SchM_Exit_Port_PORT_EXCLUSIVE_AREA_13
                0x005086bc                SchM_Enter_Port_PORT_EXCLUSIVE_AREA_14
                0x005086f0                SchM_Exit_Port_PORT_EXCLUSIVE_AREA_14
                0x00508720                SchM_Enter_Port_PORT_EXCLUSIVE_AREA_15
                0x00508754                SchM_Exit_Port_PORT_EXCLUSIVE_AREA_15
                0x00508784                SchM_Enter_Port_PORT_EXCLUSIVE_AREA_16
                0x005087b8                SchM_Exit_Port_PORT_EXCLUSIVE_AREA_16
                0x005087e8                SchM_Enter_Port_PORT_EXCLUSIVE_AREA_17
                0x0050881c                SchM_Exit_Port_PORT_EXCLUSIVE_AREA_17
                0x0050884c                SchM_Enter_Port_PORT_EXCLUSIVE_AREA_18
                0x00508880                SchM_Exit_Port_PORT_EXCLUSIVE_AREA_18
                0x005088b0                SchM_Enter_Port_PORT_EXCLUSIVE_AREA_19
                0x005088e4                SchM_Exit_Port_PORT_EXCLUSIVE_AREA_19
                0x00508914                SchM_Enter_Port_PORT_EXCLUSIVE_AREA_20
                0x00508948                SchM_Exit_Port_PORT_EXCLUSIVE_AREA_20
                0x00508978                SchM_Enter_Port_PORT_EXCLUSIVE_AREA_21
                0x005089ac                SchM_Exit_Port_PORT_EXCLUSIVE_AREA_21
                0x005089dc                SchM_Enter_Port_PORT_EXCLUSIVE_AREA_22
                0x00508a10                SchM_Exit_Port_PORT_EXCLUSIVE_AREA_22
                0x00508a40                SchM_Enter_Port_PORT_EXCLUSIVE_AREA_23
                0x00508a74                SchM_Exit_Port_PORT_EXCLUSIVE_AREA_23
                0x00508aa4                SchM_Enter_Port_PORT_EXCLUSIVE_AREA_24
                0x00508ad8                SchM_Exit_Port_PORT_EXCLUSIVE_AREA_24
                0x00508b08                SchM_Enter_Port_PORT_EXCLUSIVE_AREA_25
                0x00508b3c                SchM_Exit_Port_PORT_EXCLUSIVE_AREA_25
                0x00508b6c                SchM_Enter_Port_PORT_EXCLUSIVE_AREA_26
                0x00508ba0                SchM_Exit_Port_PORT_EXCLUSIVE_AREA_26
                0x00508bd0                SchM_Enter_Port_PORT_EXCLUSIVE_AREA_27
                0x00508c04                SchM_Exit_Port_PORT_EXCLUSIVE_AREA_27
 .mcal_text     0x00508c34      0x76c ./RTD/src/SchM_Spi.o
                0x00508c34                SchM_Enter_Spi_SPI_EXCLUSIVE_AREA_00
                0x00508c68                SchM_Exit_Spi_SPI_EXCLUSIVE_AREA_00
                0x00508c98                SchM_Enter_Spi_SPI_EXCLUSIVE_AREA_01
                0x00508ccc                SchM_Exit_Spi_SPI_EXCLUSIVE_AREA_01
                0x00508cfc                SchM_Enter_Spi_SPI_EXCLUSIVE_AREA_02
                0x00508d30                SchM_Exit_Spi_SPI_EXCLUSIVE_AREA_02
                0x00508d60                SchM_Enter_Spi_SPI_EXCLUSIVE_AREA_03
                0x00508d94                SchM_Exit_Spi_SPI_EXCLUSIVE_AREA_03
                0x00508dc4                SchM_Enter_Spi_SPI_EXCLUSIVE_AREA_04
                0x00508df8                SchM_Exit_Spi_SPI_EXCLUSIVE_AREA_04
                0x00508e28                SchM_Enter_Spi_SPI_EXCLUSIVE_AREA_05
                0x00508e5c                SchM_Exit_Spi_SPI_EXCLUSIVE_AREA_05
                0x00508e8c                SchM_Enter_Spi_SPI_EXCLUSIVE_AREA_06
                0x00508ec0                SchM_Exit_Spi_SPI_EXCLUSIVE_AREA_06
                0x00508ef0                SchM_Enter_Spi_SPI_EXCLUSIVE_AREA_07
                0x00508f24                SchM_Exit_Spi_SPI_EXCLUSIVE_AREA_07
                0x00508f54                SchM_Enter_Spi_SPI_EXCLUSIVE_AREA_08
                0x00508f88                SchM_Exit_Spi_SPI_EXCLUSIVE_AREA_08
                0x00508fb8                SchM_Enter_Spi_SPI_EXCLUSIVE_AREA_09
                0x00508fec                SchM_Exit_Spi_SPI_EXCLUSIVE_AREA_09
                0x0050901c                SchM_Enter_Spi_SPI_EXCLUSIVE_AREA_10
                0x00509050                SchM_Exit_Spi_SPI_EXCLUSIVE_AREA_10
                0x00509080                SchM_Enter_Spi_SPI_EXCLUSIVE_AREA_11
                0x005090b4                SchM_Exit_Spi_SPI_EXCLUSIVE_AREA_11
                0x005090e4                SchM_Enter_Spi_SPI_EXCLUSIVE_AREA_12
                0x00509118                SchM_Exit_Spi_SPI_EXCLUSIVE_AREA_12
                0x00509148                SchM_Enter_Spi_SPI_EXCLUSIVE_AREA_13
                0x0050917c                SchM_Exit_Spi_SPI_EXCLUSIVE_AREA_13
                0x005091ac                SchM_Enter_Spi_SPI_EXCLUSIVE_AREA_14
                0x005091e0                SchM_Exit_Spi_SPI_EXCLUSIVE_AREA_14
                0x00509210                SchM_Enter_Spi_SPI_EXCLUSIVE_AREA_15
                0x00509244                SchM_Exit_Spi_SPI_EXCLUSIVE_AREA_15
                0x00509274                SchM_Enter_Spi_SPI_EXCLUSIVE_AREA_16
                0x005092a8                SchM_Exit_Spi_SPI_EXCLUSIVE_AREA_16
                0x005092d8                SchM_Enter_Spi_SPI_EXCLUSIVE_AREA_17
                0x0050930c                SchM_Exit_Spi_SPI_EXCLUSIVE_AREA_17
                0x0050933c                SchM_Enter_Spi_SPI_EXCLUSIVE_AREA_18
                0x00509370                SchM_Exit_Spi_SPI_EXCLUSIVE_AREA_18
 .mcal_text     0x005093a0      0x458 ./RTD/src/Siul2_Port_Ip.o
                0x005094f4                Siul2_Port_Ip_Init
                0x00509524                Siul2_Port_Ip_SetPullSel
                0x00509580                Siul2_Port_Ip_SetOutputBuffer
                0x005095e6                Siul2_Port_Ip_SetInputBuffer
                0x00509656                Siul2_Port_Ip_SetPinDirection
                0x005096ce                Siul2_Port_Ip_RevertPinConfiguration
                0x00509730                Siul2_Port_Ip_GetPinConfiguration
 .mcal_text     0x005097f8       0xd0 ./RTD/src/Tspc_Port_Ip.o
                0x005097f8                Tspc_Port_Ip_EnableObeGroup
                0x00509828                Tspc_Port_Ip_ConfigureObeGroup
                0x005098c8                . = ALIGN (0x4)
 *(.acmcu_code_rom)
                0x005098c8                . = ALIGN (0x4)
                0x005098c8                __acfls_code_rom_start = .
 *(.acfls_code_rom)
 .acfls_code_rom
                0x005098c8       0x40 ./RTD/src/Clock_Ip_Specific.o
                0x005098c8                Clock_Ip_PRAMCSetRamIWS
 .acfls_code_rom.__stub
                0x00509908        0x8 linker stubs
                0x00509910                . = ALIGN (0x4)
                0x00509910                __acfls_code_rom_end = .
 *(.init)
                0x00509910                . = ALIGN (0x4)
 *(.fini)
                0x00509910                . = ALIGN (0x4)
 *(.rodata)
 .rodata        0x00509910        0x3 ./RTD/src/Clock_Ip_IntOsc.o
 .rodata        0x00509913       0x48 ./RTD/src/FlexCAN_Ip_HwAccess.o
 *fill*         0x0050995b        0x1 
 .rodata        0x0050995c       0x20 ./RTD/src/Lpi2c_Ip.o
 .rodata        0x0050997c        0x4 ./RTD/src/Siul2_Port_Ip.o
                0x0050997c                Port_au32Siul2BaseAddr
 *(.rodata*)
                0x00509980                . = ALIGN (0x4)
 *(.mcal_const_cfg)
 .mcal_const_cfg
                0x00509980       0xbc ./board/Siul2_Port_Ip_Cfg.o
                0x00509980                g_pin_mux_InitConfigArr0
 .mcal_const_cfg
                0x00509a3c      0x548 ./generate/src/Clock_Ip_BOARD_InitPeripherals_PBcfg.o
                0x00509a3c                Mcu_aClockConfigPB_BOARD_InitPeripherals
 .mcal_const_cfg
                0x00509f84       0x64 ./generate/src/FlexCAN_Ip_Sa_BOARD_InitPeripherals_PBcfg.o
                0x00509f84                FlexCAN_Config0_BOARD_InitPeripherals
 .mcal_const_cfg
                0x00509fe8       0x24 ./generate/src/Lpspi_Ip_Sa_BOARD_InitPeripherals_PBcfg.o
                0x00509fe8                Lpspi_Ip_PhyUnitConfig_SpiPhyUnit_0_Instance_0_BOARD_InitPeripherals
                0x00509ffc                Lpspi_Ip_DeviceAttributes_SpiExternalDevice_0_Instance_0_BOARD_InitPeripherals
 .mcal_const_cfg
                0x0050a00c       0x1c ./generate/src/Mcu_BOARD_InitPeripherals_PBcfg.o
                0x0050a00c                Mcu_Config_BOARD_InitPeripherals
 .mcal_const_cfg
                0x0050a028      0x104 ./generate/src/Power_Ip_BOARD_InitPeripherals_PBcfg.o
                0x0050a028                Power_Ip_HwIPsConfigPB_BOARD_InitPeripherals
                0x0050a040                Power_Ip_aModeConfigPB_BOARD_InitPeripherals
                0x0050a12c                . = ALIGN (0x4)
 *(.mcal_const)
 .mcal_const    0x0050a12c     0x1012 ./RTD/src/Clock_Ip_Data.o
                0x0050a12c                Clock_Ip_axGateInfo
                0x0050a804                Clock_Ip_axFeatureExtensions
                0x0050aa24                Clock_Ip_aeHwDfsName
                0x0050aa28                Clock_Ip_aeHwPllName
                0x0050aa2c                Clock_Ip_aeSourceTypeClockName
                0x0050aa84                Clock_Ip_apxMcMeTriggerPartitions
                0x0050aa94                Clock_Ip_apxMcMeGetPartitions
                0x0050aaa4                Clock_Ip_apxMcMeSetPartitions
                0x0050aab4                Clock_Ip_axCmuInfo
                0x0050ab24                Clock_Ip_aeCmuNames
                0x0050ab40                Clock_Ip_apxCmu
                0x0050ab5c                Clock_Ip_apxPll
                0x0050ab6c                Clock_Ip_apxXosc
                0x0050ab74                Clock_Ip_apxCgmPcfs
                0x0050ab78                Clock_Ip_apxCgm
                0x0050abc8                Clock_Ip_au16SelectorEntryRtcHardwareValue
                0x0050abf4                Clock_Ip_au16SelectorEntryHardwareValue
                0x0050ac20                Clock_Ip_au8SoftwareMuxResetValue
                0x0050ac9a                Clock_Ip_au8ClockFeatures
                0x0050b0e4                Clock_Ip_au8CmuCallbackIndex
                0x0050b0ed                Clock_Ip_au8PcfsCallbackIndex
                0x0050b0f6                Clock_Ip_au8SelectorCallbackIndex
                0x0050b0ff                Clock_Ip_au8PllCallbackIndex
                0x0050b108                Clock_Ip_au8FractionalDividerCallbackIndex
                0x0050b111                Clock_Ip_au8GateCallbackIndex
                0x0050b11a                Clock_Ip_au8IrcoscCallbackIndex
                0x0050b123                Clock_Ip_au8XoscCallbackIndex
                0x0050b12c                Clock_Ip_au8DividerTriggerCallbackIndex
                0x0050b135                Clock_Ip_au8DividerCallbackIndex
 *fill*         0x0050b13e        0x2 
 .mcal_const    0x0050b140       0x10 ./RTD/src/Clock_Ip_Divider.o
                0x0050b140                Clock_Ip_axDividerCallbacks
 .mcal_const    0x0050b150       0x10 ./RTD/src/Clock_Ip_DividerTrigger.o
                0x0050b150                Clock_Ip_axDividerTriggerCallbacks
 .mcal_const    0x0050b160       0x3c ./RTD/src/Clock_Ip_ExtOsc.o
                0x0050b160                Clock_Ip_axExtOscCallbacks
 .mcal_const    0x0050b19c        0xc ./RTD/src/Clock_Ip_FracDiv.o
                0x0050b19c                Clock_Ip_axFracDivCallbacks
 .mcal_const    0x0050b1a8       0x10 ./RTD/src/Clock_Ip_Gate.o
                0x0050b1a8                Clock_Ip_axGateCallbacks
 .mcal_const    0x0050b1b8       0x30 ./RTD/src/Clock_Ip_IntOsc.o
                0x0050b1b8                Clock_Ip_axIntOscCallbacks
 .mcal_const    0x0050b1e8       0x20 ./RTD/src/Clock_Ip_Monitor.o
                0x0050b1e8                Clock_Ip_axCmuCallbacks
 .mcal_const    0x0050b208       0x28 ./RTD/src/Clock_Ip_Pll.o
                0x0050b208                Clock_Ip_axPllCallbacks
 .mcal_const    0x0050b230        0x8 ./RTD/src/Clock_Ip_ProgFreqSwitch.o
                0x0050b230                Clock_Ip_axPcfsCallbacks
 .mcal_const    0x0050b238       0x28 ./RTD/src/Clock_Ip_Selector.o
                0x0050b238                Clock_Ip_axSelectorCallbacks
 .mcal_const    0x0050b260       0x10 ./RTD/src/FlexCAN_Ip.o
 .mcal_const    0x0050b270        0x8 ./RTD/src/Lpi2c_Ip.o
 .mcal_const    0x0050b278       0x10 ./RTD/src/Lpspi_Ip.o
                0x0050b288                . = ALIGN (0x4)
                0x0050b288                __init_table = .
 *(.init_table)
 .init_table    0x0050b288       0x4c ./Project_Settings/Startup_Code/startup_cm7.o
                0x0050b2d4                . = ALIGN (0x4)
                0x0050b2d4                __zero_table = .
 *(.zero_table)
 .zero_table    0x0050b2d4       0x1c ./Project_Settings/Startup_Code/startup_cm7.o

.glue_7         0x0050b2f0        0x0
 .glue_7        0x0050b2f0        0x0 linker stubs

.glue_7t        0x0050b2f0        0x0
 .glue_7t       0x0050b2f0        0x0 linker stubs

.vfp11_veneer   0x0050b2f0        0x0
 .vfp11_veneer  0x0050b2f0        0x0 linker stubs

.v4_bx          0x0050b2f0        0x0
 .v4_bx         0x0050b2f0        0x0 linker stubs

.iplt           0x0050b2f0        0x0
 .iplt          0x0050b2f0        0x0 ./Project_Settings/Startup_Code/Vector_Table.o

.rel.dyn        0x0050b2f0        0x0
 .rel.iplt      0x0050b2f0        0x0 ./Project_Settings/Startup_Code/Vector_Table.o
                0x0050b2f0                . = ALIGN (0x4)
                0x0050b2f0                __text_end = .
                0x0050b2f0                __sram_data_rom = __text_end

.sram_data      0x20406000       0xa0 load address 0x0050b2f0
                0x20406000                . = ALIGN (0x4)
                0x20406000                __sram_data_begin__ = .
                0x20406000                . = ALIGN (0x4)
 *(.ramcode)
 .ramcode       0x20406000       0x90 ./RTD/src/Clock_Ip_Specific.o
                0x20406090                . = ALIGN (0x4)
 *(.data)
 .data          0x20406090        0x0 ./Project_Settings/Startup_Code/Vector_Table.o
 .data          0x20406090        0x0 ./Project_Settings/Startup_Code/exceptions.o
 .data          0x20406090        0x0 ./Project_Settings/Startup_Code/nvic.o
 .data          0x20406090        0x0 ./Project_Settings/Startup_Code/startup.o
 .data          0x20406090        0x0 ./Project_Settings/Startup_Code/startup_cm7.o
 .data          0x20406090        0x0 ./Project_Settings/Startup_Code/system.o
 .data          0x20406090        0x4 ./RTD/src/Clock_Ip.o
 .data          0x20406094        0x0 ./RTD/src/Clock_Ip_Data.o
 .data          0x20406094        0x0 ./RTD/src/Clock_Ip_Divider.o
 .data          0x20406094        0x0 ./RTD/src/Clock_Ip_DividerTrigger.o
 .data          0x20406094        0x0 ./RTD/src/Clock_Ip_ExtOsc.o
 .data          0x20406094        0x0 ./RTD/src/Clock_Ip_FracDiv.o
 .data          0x20406094        0x0 ./RTD/src/Clock_Ip_Frequency.o
 .data          0x20406094        0x0 ./RTD/src/Clock_Ip_Gate.o
 .data          0x20406094        0x0 ./RTD/src/Clock_Ip_IntOsc.o
 .data          0x20406094        0x0 ./RTD/src/Clock_Ip_Irq.o
 .data          0x20406094        0x0 ./RTD/src/Clock_Ip_Monitor.o
 .data          0x20406094        0x0 ./RTD/src/Clock_Ip_Pll.o
 .data          0x20406094        0x0 ./RTD/src/Clock_Ip_ProgFreqSwitch.o
 .data          0x20406094        0x0 ./RTD/src/Clock_Ip_Selector.o
 .data          0x20406094        0x0 ./RTD/src/Clock_Ip_Specific.o
 .data          0x20406094        0x0 ./RTD/src/Det.o
 .data          0x20406094        0x0 ./RTD/src/Det_stub.o
 .data          0x20406094        0x0 ./RTD/src/FlexCAN_Ip.o
 .data          0x20406094        0x0 ./RTD/src/FlexCAN_Ip_HwAccess.o
 .data          0x20406094        0x0 ./RTD/src/FlexCAN_Ip_Irq.o
 .data          0x20406094        0x0 ./RTD/src/Igf_Port_Ip.o
 .data          0x20406094        0x0 ./RTD/src/Lpi2c_Ip.o
 .data          0x20406094        0x0 ./RTD/src/Lpi2c_Ip_HwAccess.o
 .data          0x20406094        0x0 ./RTD/src/Lpi2c_Ip_Irq.o
 .data          0x20406094        0x0 ./RTD/src/Lpspi_Ip.o
 .data          0x20406094        0x0 ./RTD/src/Lpspi_Ip_Irq.o
 .data          0x20406094        0x0 ./RTD/src/Mcu.o
 .data          0x20406094        0x0 ./RTD/src/Mcu_Dem_Wrapper.o
 .data          0x20406094        0x0 ./RTD/src/Mcu_Ipw.o
 .data          0x20406094        0x0 ./RTD/src/OsIf_Interrupts.o
 .data          0x20406094        0x0 ./RTD/src/OsIf_Timer.o
 .data          0x20406094        0x0 ./RTD/src/OsIf_Timer_System.o
 .data          0x20406094        0x0 ./RTD/src/OsIf_Timer_System_Internal_Systick.o
 .data          0x20406094        0x0 ./RTD/src/Power_Ip.o
 .data          0x20406094        0x0 ./RTD/src/Power_Ip_AEC.o
 .data          0x20406094        0x0 ./RTD/src/Power_Ip_CortexM7.o
 .data          0x20406094        0x0 ./RTD/src/Power_Ip_DCM_GPR.o
 .data          0x20406094        0x0 ./RTD/src/Power_Ip_FLASH.o
 .data          0x20406094        0x0 ./RTD/src/Power_Ip_MC_ME.o
 .data          0x20406094        0x0 ./RTD/src/Power_Ip_MC_RGM.o
 .data          0x20406094        0x0 ./RTD/src/Power_Ip_MC_RGM_Irq.o
 .data          0x20406094        0x0 ./RTD/src/Power_Ip_PMC.o
 .data          0x20406094        0x0 ./RTD/src/Power_Ip_PMC_Irq.o
 .data          0x20406094        0x0 ./RTD/src/Power_Ip_Private.o
 .data          0x20406094        0x0 ./RTD/src/Ram_Ip.o
 .data          0x20406094        0x0 ./RTD/src/SchM_Can_43_FLEXCAN.o
 .data          0x20406094        0x0 ./RTD/src/SchM_Mcu.o
 .data          0x20406094        0x0 ./RTD/src/SchM_Port.o
 .data          0x20406094        0x0 ./RTD/src/SchM_Spi.o
 .data          0x20406094        0x0 ./RTD/src/Siul2_Port_Ip.o
 .data          0x20406094        0x0 ./RTD/src/Tspc_Port_Ip.o
 .data          0x20406094        0x0 ./board/Siul2_Port_Ip_Cfg.o
 .data          0x20406094        0x0 ./board/Tspc_Port_Ip_Cfg.o
 .data          0x20406094        0x0 ./generate/src/Clock_Ip_BOARD_InitPeripherals_PBcfg.o
 .data          0x20406094        0x0 ./generate/src/Clock_Ip_Cfg.o
 .data          0x20406094        0x0 ./generate/src/FlexCAN_Ip_Sa_BOARD_InitPeripherals_PBcfg.o
 .data          0x20406094        0x0 ./generate/src/Igf_Port_Ip_Cfg.o
 .data          0x20406094        0x0 ./generate/src/Lpi2c_Ip_BOARD_InitPeripherals_PBcfg.o
 .data          0x20406094        0x0 ./generate/src/Lpspi_Ip_Sa_BOARD_InitPeripherals_PBcfg.o
 .data          0x20406094        0x0 ./generate/src/Mcu_BOARD_InitPeripherals_PBcfg.o
 .data          0x20406094        0x0 ./generate/src/Mcu_Cfg.o
 .data          0x20406094        0x0 ./generate/src/OsIf_Cfg.o
 .data          0x20406094        0x0 ./generate/src/Power_Ip_BOARD_InitPeripherals_PBcfg.o
 .data          0x20406094        0x0 ./generate/src/Power_Ip_Cfg.o
 .data          0x20406094        0x0 ./generate/src/Ram_Ip_BOARD_InitPeripherals_PBcfg.o
 .data          0x20406094        0x0 ./generate/src/Ram_Ip_Cfg.o
 .data          0x20406094        0x0 ./src/main.o
 .data          0x20406094        0x0 c:/nxp/s32ds.3.5/s32ds/build_tools/gcc_v10.2/gcc-10.2-arm32-eabi/bin/../lib/gcc/arm-none-eabi/10.2.0/../../../../arm-none-eabi/lib/thumb/v7e-m+fp/hard\libc_nano.a(lib_a-memmove.o)
 .data          0x20406094        0x0 c:/nxp/s32ds.3.5/s32ds/build_tools/gcc_v10.2/gcc-10.2-arm32-eabi/bin/../lib/gcc/arm-none-eabi/10.2.0/../../../../arm-none-eabi/lib/thumb/v7e-m+fp/hard\libc_nano.a(lib_a-memset.o)
 *(.data*)
                0x20406094                . = ALIGN (0x4)
 *(.mcal_data)
 .mcal_data     0x20406094        0x4 ./RTD/src/Power_Ip.o
                0x20406094                Power_Ip_pfReportErrorsCallback
 .mcal_data     0x20406098        0x8 ./generate/src/Lpspi_Ip_Sa_BOARD_InitPeripherals_PBcfg.o
                0x204060a0                . = ALIGN (0x4)
                0x204060a0                __sram_data_end__ = .
                0x0050b390                __sram_data_rom_end = (__sram_data_rom + (__sram_data_end__ - __sram_data_begin__))

.sram_bss       0x204060a0      0x678 load address 0x0050b390
                0x204060a0                . = ALIGN (0x10)
                0x204060a0                __sram_bss_start = .
 *(.bss)
 .bss           0x204060a0        0x0 ./Project_Settings/Startup_Code/Vector_Table.o
 .bss           0x204060a0        0x0 ./Project_Settings/Startup_Code/exceptions.o
 .bss           0x204060a0        0x0 ./Project_Settings/Startup_Code/nvic.o
 .bss           0x204060a0        0x0 ./Project_Settings/Startup_Code/startup.o
 .bss           0x204060a0        0x0 ./Project_Settings/Startup_Code/startup_cm7.o
 .bss           0x204060a0       0x78 ./Project_Settings/Startup_Code/system.o
                0x204060a0                rbar
                0x204060dc                rasr
 .bss           0x20406118        0x0 ./RTD/src/Clock_Ip.o
 .bss           0x20406118        0x0 ./RTD/src/Clock_Ip_Data.o
 .bss           0x20406118        0x0 ./RTD/src/Clock_Ip_Divider.o
 .bss           0x20406118        0x0 ./RTD/src/Clock_Ip_DividerTrigger.o
 .bss           0x20406118        0x0 ./RTD/src/Clock_Ip_ExtOsc.o
 .bss           0x20406118        0x0 ./RTD/src/Clock_Ip_FracDiv.o
 .bss           0x20406118        0x0 ./RTD/src/Clock_Ip_Frequency.o
 .bss           0x20406118        0x0 ./RTD/src/Clock_Ip_Gate.o
 .bss           0x20406118        0x0 ./RTD/src/Clock_Ip_IntOsc.o
 .bss           0x20406118        0x0 ./RTD/src/Clock_Ip_Irq.o
 .bss           0x20406118        0x0 ./RTD/src/Clock_Ip_Monitor.o
 .bss           0x20406118        0x0 ./RTD/src/Clock_Ip_Pll.o
 .bss           0x20406118        0x0 ./RTD/src/Clock_Ip_ProgFreqSwitch.o
 .bss           0x20406118        0x0 ./RTD/src/Clock_Ip_Selector.o
 .bss           0x20406118        0x0 ./RTD/src/Clock_Ip_Specific.o
 .bss           0x20406118        0x0 ./RTD/src/Det.o
 .bss           0x20406118        0x0 ./RTD/src/Det_stub.o
 .bss           0x20406118        0x0 ./RTD/src/FlexCAN_Ip.o
 .bss           0x20406118        0x0 ./RTD/src/FlexCAN_Ip_HwAccess.o
 .bss           0x20406118        0x0 ./RTD/src/FlexCAN_Ip_Irq.o
 .bss           0x20406118        0x0 ./RTD/src/Igf_Port_Ip.o
 .bss           0x20406118        0x0 ./RTD/src/Lpi2c_Ip.o
 .bss           0x20406118        0x0 ./RTD/src/Lpi2c_Ip_HwAccess.o
 .bss           0x20406118        0x0 ./RTD/src/Lpi2c_Ip_Irq.o
 .bss           0x20406118        0x0 ./RTD/src/Lpspi_Ip.o
 .bss           0x20406118        0x0 ./RTD/src/Lpspi_Ip_Irq.o
 .bss           0x20406118        0x0 ./RTD/src/Mcu.o
 .bss           0x20406118        0x0 ./RTD/src/Mcu_Dem_Wrapper.o
 .bss           0x20406118        0x0 ./RTD/src/Mcu_Ipw.o
 .bss           0x20406118        0x0 ./RTD/src/OsIf_Interrupts.o
 .bss           0x20406118        0x0 ./RTD/src/OsIf_Timer.o
 .bss           0x20406118        0x0 ./RTD/src/OsIf_Timer_System.o
 .bss           0x20406118        0x0 ./RTD/src/OsIf_Timer_System_Internal_Systick.o
 .bss           0x20406118        0x0 ./RTD/src/Power_Ip.o
 .bss           0x20406118        0x0 ./RTD/src/Power_Ip_AEC.o
 .bss           0x20406118        0x0 ./RTD/src/Power_Ip_CortexM7.o
 .bss           0x20406118        0x0 ./RTD/src/Power_Ip_DCM_GPR.o
 .bss           0x20406118        0x0 ./RTD/src/Power_Ip_FLASH.o
 .bss           0x20406118        0x0 ./RTD/src/Power_Ip_MC_ME.o
 .bss           0x20406118        0x0 ./RTD/src/Power_Ip_MC_RGM.o
 .bss           0x20406118        0x0 ./RTD/src/Power_Ip_MC_RGM_Irq.o
 .bss           0x20406118        0x0 ./RTD/src/Power_Ip_PMC.o
 .bss           0x20406118        0x0 ./RTD/src/Power_Ip_PMC_Irq.o
 .bss           0x20406118        0x0 ./RTD/src/Power_Ip_Private.o
 .bss           0x20406118        0x0 ./RTD/src/Ram_Ip.o
 .bss           0x20406118        0x0 ./RTD/src/SchM_Can_43_FLEXCAN.o
 .bss           0x20406118        0x0 ./RTD/src/SchM_Mcu.o
 .bss           0x20406118        0x0 ./RTD/src/SchM_Port.o
 .bss           0x20406118        0x0 ./RTD/src/SchM_Spi.o
 .bss           0x20406118        0x0 ./RTD/src/Siul2_Port_Ip.o
 .bss           0x20406118        0x0 ./RTD/src/Tspc_Port_Ip.o
 .bss           0x20406118        0x0 ./board/Siul2_Port_Ip_Cfg.o
 .bss           0x20406118        0x0 ./board/Tspc_Port_Ip_Cfg.o
 .bss           0x20406118        0x0 ./generate/src/Clock_Ip_BOARD_InitPeripherals_PBcfg.o
 .bss           0x20406118        0x0 ./generate/src/Clock_Ip_Cfg.o
 .bss           0x20406118        0x0 ./generate/src/FlexCAN_Ip_Sa_BOARD_InitPeripherals_PBcfg.o
 .bss           0x20406118        0x0 ./generate/src/Igf_Port_Ip_Cfg.o
 .bss           0x20406118        0x0 ./generate/src/Lpi2c_Ip_BOARD_InitPeripherals_PBcfg.o
 .bss           0x20406118        0x0 ./generate/src/Lpspi_Ip_Sa_BOARD_InitPeripherals_PBcfg.o
 .bss           0x20406118        0x0 ./generate/src/Mcu_BOARD_InitPeripherals_PBcfg.o
 .bss           0x20406118        0x0 ./generate/src/Mcu_Cfg.o
 .bss           0x20406118        0x0 ./generate/src/OsIf_Cfg.o
 .bss           0x20406118        0x0 ./generate/src/Power_Ip_BOARD_InitPeripherals_PBcfg.o
 .bss           0x20406118        0x0 ./generate/src/Power_Ip_Cfg.o
 .bss           0x20406118        0x0 ./generate/src/Ram_Ip_BOARD_InitPeripherals_PBcfg.o
 .bss           0x20406118        0x0 ./generate/src/Ram_Ip_Cfg.o
 .bss           0x20406118        0x4 ./src/main.o
                0x20406118                exit_code
 .bss           0x2040611c        0x0 c:/nxp/s32ds.3.5/s32ds/build_tools/gcc_v10.2/gcc-10.2-arm32-eabi/bin/../lib/gcc/arm-none-eabi/10.2.0/../../../../arm-none-eabi/lib/thumb/v7e-m+fp/hard\libc_nano.a(lib_a-memmove.o)
 .bss           0x2040611c        0x0 c:/nxp/s32ds.3.5/s32ds/build_tools/gcc_v10.2/gcc-10.2-arm32-eabi/bin/../lib/gcc/arm-none-eabi/10.2.0/../../../../arm-none-eabi/lib/thumb/v7e-m+fp/hard\libc_nano.a(lib_a-memset.o)
 *(.bss*)
                0x20406120                . = ALIGN (0x10)
 *fill*         0x2040611c        0x4 
 *(.mcal_bss)
 .mcal_bss      0x20406120        0x4 ./Project_Settings/Startup_Code/system.o
                0x20406120                RESET_CATCH_CORE
 .mcal_bss      0x20406124       0x85 ./RTD/src/Clock_Ip.o
                0x20406128                Clock_Ip_FreqIds
                0x204061a4                Clock_Ip_pxConfig
 *fill*         0x204061a9        0x3 
 .mcal_bss      0x204061ac       0x10 ./RTD/src/Clock_Ip_Monitor.o
 .mcal_bss      0x204061bc        0x4 ./RTD/src/Clock_Ip_ProgFreqSwitch.o
 .mcal_bss      0x204061c0        0xc ./RTD/src/Clock_Ip_Specific.o
 .mcal_bss      0x204061cc       0x10 ./RTD/src/FlexCAN_Ip.o
 .mcal_bss      0x204061dc       0xa0 ./RTD/src/FlexCAN_Ip_HwAccess.o
 .mcal_bss      0x2040627c       0x10 ./RTD/src/Lpi2c_Ip.o
 .mcal_bss      0x2040628c       0x3c ./RTD/src/Lpspi_Ip.o
                0x2040628c                Lpspi_Ip_apxStateStructureArray
 .mcal_bss      0x204062c8        0x9 ./RTD/src/Mcu.o
 *fill*         0x204062d1        0x3 
 .mcal_bss      0x204062d4        0xc ./RTD/src/Power_Ip_MC_RGM.o
 .mcal_bss      0x204062e0        0x8 ./RTD/src/Siul2_Port_Ip.o
 .mcal_bss      0x204062e8      0x430 ./generate/src/FlexCAN_Ip_Sa_BOARD_InitPeripherals_PBcfg.o
                0x204062e8                FlexCAN_BOARD_InitPeripherals_State0
                0x20406718                . = ALIGN (0x4)
                0x20406718                __sram_bss_end = .

.heap           0x20406718     0x1000 load address 0x0050ba08
                0x00000000                . = (. + ALIGN (0x4))
                0x20406718                _end = .
                0x20406718                end = .
                0x20406718                _heap_start = .
                0x00001000                . = (. + HEAP_SIZE)
 *fill*         0x20406718     0x1000 
                0x20407718                _heap_end = .

.acfls_code_ram
                0x20407f00        0x0
                0x20407f00                acfls_code_ram_start = .
 *(.acfls_code_ram)
                0x20407f00                acfls_code_ram_stop = .
                0x0050b390                __non_cacheable_data_rom = __sram_data_rom_end

.non_cacheable_data
                0x20408000      0x104 load address 0x0050b390
                0x20408000                . = ALIGN (0x4)
                0x20408000                __non_cacheable_data_start__ = .
 *(.int_results)
                0x20408100                . = (. + 0x100)
 *fill*         0x20408000      0x100 
                0x20408100                . = ALIGN (0x4)
 *(.mcal_data_no_cacheable)
                0x20408100                . = ALIGN (0x4)
 *(.mcal_const_no_cacheable)
                0x20408100                . = ALIGN (0x4)
                0x20408100                HSE_LOOP_ADDR = .
                0x20408100        0x4 LONG 0x0
                0x20408104                __non_cacheable_data_end__ = .
                0x0050b494                __non_cacheable_data_rom_end = (__non_cacheable_data_rom + (__non_cacheable_data_end__ - __non_cacheable_data_start__))

.igot.plt       0x20408104        0x0 load address 0x0050b494
 .igot.plt      0x20408104        0x0 ./Project_Settings/Startup_Code/Vector_Table.o

.non_cacheable_bss
                0x20408104      0x928 load address 0x0050b494
                0x20408110                . = ALIGN (0x10)
 *fill*         0x20408104        0xc 
                0x20408110                __non_cacheable_bss_start = .
 *(.mcal_bss_no_cacheable)
 .mcal_bss_no_cacheable
                0x20408110       0x3c ./RTD/src/Det.o
                0x20408110                Det_TransientModuleId
                0x20408118                Det_ApiId
                0x2040811c                Det_TransientInstanceId
                0x20408120                Det_ErrorId
                0x20408124                Det_TransientApiId
                0x20408128                Det_RuntimeModuleId
                0x20408130                Det_TransientFaultId
                0x20408134                Det_RuntimeInstanceId
                0x20408138                Det_RuntimeApiId
                0x2040813c                Det_ModuleId
                0x20408144                Det_RuntimeErrorId
                0x20408148                Det_InstanceId
 .mcal_bss_no_cacheable
                0x2040814c      0x2a0 ./RTD/src/SchM_Can_43_FLEXCAN.o
 .mcal_bss_no_cacheable
                0x204083ec       0x60 ./RTD/src/SchM_Mcu.o
 .mcal_bss_no_cacheable
                0x2040844c      0x380 ./RTD/src/SchM_Port.o
 .mcal_bss_no_cacheable
                0x204087cc      0x260 ./RTD/src/SchM_Spi.o
                0x20408a2c                . = ALIGN (0x4)
                0x20408a2c                __non_cacheable_bss_end = .
                0x0050b494                __shareable_data_rom = __non_cacheable_data_rom_end

.shareable_data
                0x2040c000        0x0 load address 0x0050b494
                0x2040c000                . = ALIGN (0x4)
                0x2040c000                __shareable_data_start__ = .
 *(.mcal_shared_data)
                0x2040c000                . = ALIGN (0x4)
                0x2040c000                __shareable_data_end__ = .
                0x0050b494                __shareable_data_rom_end = (__shareable_data_rom + (__shareable_data_end__ - __shareable_data_start__))

.int_vector     0x20000000      0x408
                0x20000000                . = ALIGN (0x800)
                0x20000000                __interrupts_ram_start = .
                0x20000408                . = (. + (__interrupts_init_end - __interrupts_init_start))
 *fill*         0x20000000      0x408 
                0x20000408                . = ALIGN (0x4)
                0x20000408                __interrupts_ram_end = .
                0x0050b494                __tcm_data_rom = __shareable_data_rom_end

.data_tcm_data  0x20000408        0x0 load address 0x0050b494
                0x20000408                . = ALIGN (0x4)
                0x20000408                __dtcm_data_start__ = .
 *(.dtcm_data*)
                0x20000408                . = ALIGN (0x4)
                0x20000408                __dtcm_data_end__ = .
                0x0050b494                __tcm_data_rom_end = (__tcm_data_rom + (__dtcm_data_end__ - __dtcm_data_start__))

.bss_tcm_data   0x20000408        0x0
                0x20000408                . = ALIGN (0x4)
                0x20000408                __dtcm_bss_start__ = .
 *(.dtcm_bss*)
                0x20000408                . = ALIGN (0x4)
                0x20000408                __dtcm_bss_end__ = .
                0x0050b494                __tcm_code_rom_start = __tcm_data_rom_end

.itcm_text      0x00000000        0x0 load address 0x0050b494
                0x00000000                . = ALIGN (0x4)
                0x00000000                __itcm_start__ = .
 *(.itcm_text*)
                0x00000000                . = ALIGN (0x4)
                0x00000000                __itcm_end__ = .
                0x0050b494                __tcm_code_rom_end = (__tcm_code_rom_start + (__itcm_end__ - __itcm_start__))

.shareable_bss  0x2040c000        0x0
                0x2040c000                . = ALIGN (0x10)
                0x2040c000                __shareable_bss_start = .
 *(.mcal_shared_bss)
                0x2040c000                . = ALIGN (0x4)
                0x2040c000                __shareable_bss_end = .
                0x2000f000                __Stack_dtcm_end = ORIGIN (int_stack_dtcm)
                0x20010000                __Stack_dtcm_start = (ORIGIN (int_stack_dtcm) + LENGTH (int_stack_dtcm))
                0x20406000                __INT_SRAM_START = ORIGIN (int_sram_c1)
                0x2040c000                __INT_SRAM_END = ORIGIN (ram_end_c1)
                0x00000000                __INT_ITCM_START = ORIGIN (int_itcm)
                0x00008000                __INT_ITCM_END = (ORIGIN (int_itcm) + LENGTH (int_itcm))
                0x20000000                __INT_DTCM_START = ORIGIN (int_dtcm)
                0x20010000                __INT_DTCM_END = ((ORIGIN (int_dtcm) + LENGTH (int_dtcm)) + LENGTH (int_stack_dtcm))
                0x2040c000                __RAM_SHAREABLE_START = ORIGIN (int_sram_shareable)
                0x20406000                __RAM_SHAREABLE_END = ORIGIN (ram_end_c0)
                0x0000000e                __RAM_SHAREABLE_SIZE = 0xe
                0x00000000                __ROM_SHAREABLE_START = 0x0
                0x00000000                __ROM_SHAREABLE_END = 0x0
                0x20408000                __RAM_NO_CACHEABLE_START = ORIGIN (int_sram_no_cacheable_c1)
                0x2040c000                __RAM_NO_CACHEABLE_END = ORIGIN (ram_end_c1)
                0x0000000e                __RAM_NO_CACHEABLE_SIZE = 0xe
                0x0050b390                __ROM_NO_CACHEABLE_START = __non_cacheable_data_rom
                0x0050b494                __ROM_NO_CACHEABLE_END = __non_cacheable_data_rom_end
                0x20406000                __RAM_CACHEABLE_START = ORIGIN (int_sram_c1)
                0x20408000                __RAM_CACHEABLE_END = ORIGIN (int_sram_no_cacheable_c1)
                0x0000000d                __RAM_CACHEABLE_SIZE = 0xd
                0x0050b2f0                __ROM_CACHEABLE_START = __sram_data_rom
                0x0050b390                __ROM_CACHEABLE_END = __sram_data_rom_end
                0x00500000                __ROM_CODE_START = ORIGIN (int_flash_c1)
                0x10000000                __ROM_DATA_START = 0x10000000
                0x204060a0                __BSS_SRAM_START = __sram_bss_start
                0x20406718                __BSS_SRAM_END = __sram_bss_end
                0x00000678                __BSS_SRAM_SIZE = (__sram_bss_end - __sram_bss_start)
                0x20408110                __BSS_SRAM_NC_START = __non_cacheable_bss_start
                0x0000091c                __BSS_SRAM_NC_SIZE = (__non_cacheable_bss_end - __non_cacheable_bss_start)
                0x20408a2c                __BSS_SRAM_NC_END = __non_cacheable_bss_end
                0x00000000                __BSS_SRAM_SH_START = 0x0
                0x00000000                __BSS_SRAM_SH_SIZE = 0x0
                0x00000000                __BSS_SRAM_SH_END = 0x0
                0x20000000                __RAM_INTERRUPT_START = __interrupts_ram_start
                0x00500000                __INIT_INTERRUPT_START = __interrupts_init_start
                0x00500408                __INIT_INTERRUPT_END = __interrupts_init_end
                0x00000000                __RAM_ITCM_START = __itcm_start__
                0x0050b494                __ROM_ITCM_START = __tcm_code_rom_start
                0x0050b494                __ROM_ITCM_END = __tcm_code_rom_end
                0x20000408                __RAM_DTCM_DATA_START = __dtcm_data_start__
                0x0050b494                __ROM_DTCM_DATA_START = __tcm_data_rom
                0x0050b494                __ROM_DTCM_END = __tcm_data_rom_end
                0x0050b288                __INIT_TABLE = __init_table
                0x0050b2d4                __ZERO_TABLE = __zero_table
                0x00000001                __RAM_INIT = 0x1
                0x00000001                __ITCM_INIT = 0x1
                0x00000001                __DTCM_INIT = 0x1
                0x005098c8                Fls_ACEraseRomStart = __acfls_code_rom_start
                0x00509910                Fls_ACEraseRomEnd = __acfls_code_rom_end
                0x00000012                Fls_ACEraseSize = ((__acfls_code_rom_end - __acfls_code_rom_start) / 0x4)
                0x005098c8                Fls_ACWriteRomStart = __acfls_code_rom_start
                0x00509910                Fls_ACWriteRomEnd = __acfls_code_rom_end
                0x00000012                Fls_ACWriteSize = ((__acfls_code_rom_end - __acfls_code_rom_start) / 0x4)
                0x20407f00                _ERASE_FUNC_ADDRESS_ = ADDR (.acfls_code_ram)
                0x20407f00                _WRITE_FUNC_ADDRESS_ = ADDR (.acfls_code_ram)

/DISCARD/
 *(.boot_header)
                0x00500000                __ENTRY_VTABLE = __INIT_INTERRUPT_START
                0x00400800                __CORE0_VTOR = (ORIGIN (int_flash_c0) + 0x800)
                0x00500000                __CORE1_VTOR = __INIT_INTERRUPT_START
                0x00500000                __CORE2_VTOR = __INIT_INTERRUPT_START
                0x00000000                __INDEX_COPY_CORE2 = 0x0
OUTPUT(i2c_trial_1_M7_1.elf elf32-littlearm)
LOAD linker stubs

.ARM.attributes
                0x00000000       0x30
 .ARM.attributes
                0x00000000       0x20 ./Project_Settings/Startup_Code/Vector_Table.o
 .ARM.attributes
                0x00000020       0x34 ./Project_Settings/Startup_Code/exceptions.o
 .ARM.attributes
                0x00000054       0x34 ./Project_Settings/Startup_Code/nvic.o
 .ARM.attributes
                0x00000088       0x34 ./Project_Settings/Startup_Code/startup.o
 .ARM.attributes
                0x000000bc       0x1f ./Project_Settings/Startup_Code/startup_cm7.o
 .ARM.attributes
                0x000000db       0x34 ./Project_Settings/Startup_Code/system.o
 .ARM.attributes
                0x0000010f       0x34 ./RTD/src/Clock_Ip.o
 .ARM.attributes
                0x00000143       0x39 ./RTD/src/Clock_Ip_Data.o
 .ARM.attributes
                0x0000017c       0x34 ./RTD/src/Clock_Ip_Divider.o
 .ARM.attributes
                0x000001b0       0x34 ./RTD/src/Clock_Ip_DividerTrigger.o
 .ARM.attributes
                0x000001e4       0x34 ./RTD/src/Clock_Ip_ExtOsc.o
 .ARM.attributes
                0x00000218       0x34 ./RTD/src/Clock_Ip_FracDiv.o
 .ARM.attributes
                0x0000024c       0x34 ./RTD/src/Clock_Ip_Frequency.o
 .ARM.attributes
                0x00000280       0x34 ./RTD/src/Clock_Ip_Gate.o
 .ARM.attributes
                0x000002b4       0x34 ./RTD/src/Clock_Ip_IntOsc.o
 .ARM.attributes
                0x000002e8       0x34 ./RTD/src/Clock_Ip_Irq.o
 .ARM.attributes
                0x0000031c       0x34 ./RTD/src/Clock_Ip_Monitor.o
 .ARM.attributes
                0x00000350       0x34 ./RTD/src/Clock_Ip_Pll.o
 .ARM.attributes
                0x00000384       0x34 ./RTD/src/Clock_Ip_ProgFreqSwitch.o
 .ARM.attributes
                0x000003b8       0x34 ./RTD/src/Clock_Ip_Selector.o
 .ARM.attributes
                0x000003ec       0x34 ./RTD/src/Clock_Ip_Specific.o
 .ARM.attributes
                0x00000420       0x34 ./RTD/src/Det.o
 .ARM.attributes
                0x00000454       0x34 ./RTD/src/Det_stub.o
 .ARM.attributes
                0x00000488       0x34 ./RTD/src/FlexCAN_Ip.o
 .ARM.attributes
                0x000004bc       0x34 ./RTD/src/FlexCAN_Ip_HwAccess.o
 .ARM.attributes
                0x000004f0       0x34 ./RTD/src/FlexCAN_Ip_Irq.o
 .ARM.attributes
                0x00000524       0x39 ./RTD/src/Igf_Port_Ip.o
 .ARM.attributes
                0x0000055d       0x34 ./RTD/src/Lpi2c_Ip.o
 .ARM.attributes
                0x00000591       0x34 ./RTD/src/Lpi2c_Ip_HwAccess.o
 .ARM.attributes
                0x000005c5       0x34 ./RTD/src/Lpi2c_Ip_Irq.o
 .ARM.attributes
                0x000005f9       0x34 ./RTD/src/Lpspi_Ip.o
 .ARM.attributes
                0x0000062d       0x34 ./RTD/src/Lpspi_Ip_Irq.o
 .ARM.attributes
                0x00000661       0x34 ./RTD/src/Mcu.o
 .ARM.attributes
                0x00000695       0x39 ./RTD/src/Mcu_Dem_Wrapper.o
 .ARM.attributes
                0x000006ce       0x34 ./RTD/src/Mcu_Ipw.o
 .ARM.attributes
                0x00000702       0x39 ./RTD/src/OsIf_Interrupts.o
 .ARM.attributes
                0x0000073b       0x34 ./RTD/src/OsIf_Timer.o
 .ARM.attributes
                0x0000076f       0x39 ./RTD/src/OsIf_Timer_System.o
 .ARM.attributes
                0x000007a8       0x34 ./RTD/src/OsIf_Timer_System_Internal_Systick.o
 .ARM.attributes
                0x000007dc       0x34 ./RTD/src/Power_Ip.o
 .ARM.attributes
                0x00000810       0x39 ./RTD/src/Power_Ip_AEC.o
 .ARM.attributes
                0x00000849       0x34 ./RTD/src/Power_Ip_CortexM7.o
 .ARM.attributes
                0x0000087d       0x34 ./RTD/src/Power_Ip_DCM_GPR.o
 .ARM.attributes
                0x000008b1       0x34 ./RTD/src/Power_Ip_FLASH.o
 .ARM.attributes
                0x000008e5       0x34 ./RTD/src/Power_Ip_MC_ME.o
 .ARM.attributes
                0x00000919       0x34 ./RTD/src/Power_Ip_MC_RGM.o
 .ARM.attributes
                0x0000094d       0x39 ./RTD/src/Power_Ip_MC_RGM_Irq.o
 .ARM.attributes
                0x00000986       0x34 ./RTD/src/Power_Ip_PMC.o
 .ARM.attributes
                0x000009ba       0x39 ./RTD/src/Power_Ip_PMC_Irq.o
 .ARM.attributes
                0x000009f3       0x34 ./RTD/src/Power_Ip_Private.o
 .ARM.attributes
                0x00000a27       0x34 ./RTD/src/Ram_Ip.o
 .ARM.attributes
                0x00000a5b       0x34 ./RTD/src/SchM_Can_43_FLEXCAN.o
 .ARM.attributes
                0x00000a8f       0x34 ./RTD/src/SchM_Mcu.o
 .ARM.attributes
                0x00000ac3       0x34 ./RTD/src/SchM_Port.o
 .ARM.attributes
                0x00000af7       0x34 ./RTD/src/SchM_Spi.o
 .ARM.attributes
                0x00000b2b       0x34 ./RTD/src/Siul2_Port_Ip.o
 .ARM.attributes
                0x00000b5f       0x34 ./RTD/src/Tspc_Port_Ip.o
 .ARM.attributes
                0x00000b93       0x39 ./board/Siul2_Port_Ip_Cfg.o
 .ARM.attributes
                0x00000bcc       0x39 ./board/Tspc_Port_Ip_Cfg.o
 .ARM.attributes
                0x00000c05       0x39 ./generate/src/Clock_Ip_BOARD_InitPeripherals_PBcfg.o
 .ARM.attributes
                0x00000c3e       0x39 ./generate/src/Clock_Ip_Cfg.o
 .ARM.attributes
                0x00000c77       0x39 ./generate/src/FlexCAN_Ip_Sa_BOARD_InitPeripherals_PBcfg.o
 .ARM.attributes
                0x00000cb0       0x39 ./generate/src/Igf_Port_Ip_Cfg.o
 .ARM.attributes
                0x00000ce9       0x39 ./generate/src/Lpi2c_Ip_BOARD_InitPeripherals_PBcfg.o
 .ARM.attributes
                0x00000d22       0x39 ./generate/src/Lpspi_Ip_Sa_BOARD_InitPeripherals_PBcfg.o
 .ARM.attributes
                0x00000d5b       0x39 ./generate/src/Mcu_BOARD_InitPeripherals_PBcfg.o
 .ARM.attributes
                0x00000d94       0x39 ./generate/src/Mcu_Cfg.o
 .ARM.attributes
                0x00000dcd       0x39 ./generate/src/OsIf_Cfg.o
 .ARM.attributes
                0x00000e06       0x39 ./generate/src/Power_Ip_BOARD_InitPeripherals_PBcfg.o
 .ARM.attributes
                0x00000e3f       0x39 ./generate/src/Power_Ip_Cfg.o
 .ARM.attributes
                0x00000e78       0x39 ./generate/src/Ram_Ip_BOARD_InitPeripherals_PBcfg.o
 .ARM.attributes
                0x00000eb1       0x39 ./generate/src/Ram_Ip_Cfg.o
 .ARM.attributes
                0x00000eea       0x34 ./src/main.o
 .ARM.attributes
                0x00000f1e       0x34 c:/nxp/s32ds.3.5/s32ds/build_tools/gcc_v10.2/gcc-10.2-arm32-eabi/bin/../lib/gcc/arm-none-eabi/10.2.0/../../../../arm-none-eabi/lib/thumb/v7e-m+fp/hard\libc_nano.a(lib_a-memmove.o)
 .ARM.attributes
                0x00000f52       0x34 c:/nxp/s32ds.3.5/s32ds/build_tools/gcc_v10.2/gcc-10.2-arm32-eabi/bin/../lib/gcc/arm-none-eabi/10.2.0/../../../../arm-none-eabi/lib/thumb/v7e-m+fp/hard\libc_nano.a(lib_a-memset.o)

.comment        0x00000000       0x88
 .comment       0x00000000       0x88 ./Project_Settings/Startup_Code/exceptions.o
                                 0x89 (size before relaxing)
 .comment       0x00000088       0x89 ./Project_Settings/Startup_Code/nvic.o
 .comment       0x00000088       0x89 ./Project_Settings/Startup_Code/startup.o
 .comment       0x00000088       0x89 ./Project_Settings/Startup_Code/system.o
 .comment       0x00000088       0x89 ./RTD/src/Clock_Ip.o
 .comment       0x00000088       0x89 ./RTD/src/Clock_Ip_Data.o
 .comment       0x00000088       0x89 ./RTD/src/Clock_Ip_Divider.o
 .comment       0x00000088       0x89 ./RTD/src/Clock_Ip_DividerTrigger.o
 .comment       0x00000088       0x89 ./RTD/src/Clock_Ip_ExtOsc.o
 .comment       0x00000088       0x89 ./RTD/src/Clock_Ip_FracDiv.o
 .comment       0x00000088       0x89 ./RTD/src/Clock_Ip_Frequency.o
 .comment       0x00000088       0x89 ./RTD/src/Clock_Ip_Gate.o
 .comment       0x00000088       0x89 ./RTD/src/Clock_Ip_IntOsc.o
 .comment       0x00000088       0x89 ./RTD/src/Clock_Ip_Irq.o
 .comment       0x00000088       0x89 ./RTD/src/Clock_Ip_Monitor.o
 .comment       0x00000088       0x89 ./RTD/src/Clock_Ip_Pll.o
 .comment       0x00000088       0x89 ./RTD/src/Clock_Ip_ProgFreqSwitch.o
 .comment       0x00000088       0x89 ./RTD/src/Clock_Ip_Selector.o
 .comment       0x00000088       0x89 ./RTD/src/Clock_Ip_Specific.o
 .comment       0x00000088       0x89 ./RTD/src/Det.o
 .comment       0x00000088       0x89 ./RTD/src/Det_stub.o
 .comment       0x00000088       0x89 ./RTD/src/FlexCAN_Ip.o
 .comment       0x00000088       0x89 ./RTD/src/FlexCAN_Ip_HwAccess.o
 .comment       0x00000088       0x89 ./RTD/src/FlexCAN_Ip_Irq.o
 .comment       0x00000088       0x89 ./RTD/src/Igf_Port_Ip.o
 .comment       0x00000088       0x89 ./RTD/src/Lpi2c_Ip.o
 .comment       0x00000088       0x89 ./RTD/src/Lpi2c_Ip_HwAccess.o
 .comment       0x00000088       0x89 ./RTD/src/Lpi2c_Ip_Irq.o
 .comment       0x00000088       0x89 ./RTD/src/Lpspi_Ip.o
 .comment       0x00000088       0x89 ./RTD/src/Lpspi_Ip_Irq.o
 .comment       0x00000088       0x89 ./RTD/src/Mcu.o
 .comment       0x00000088       0x89 ./RTD/src/Mcu_Dem_Wrapper.o
 .comment       0x00000088       0x89 ./RTD/src/Mcu_Ipw.o
 .comment       0x00000088       0x89 ./RTD/src/OsIf_Interrupts.o
 .comment       0x00000088       0x89 ./RTD/src/OsIf_Timer.o
 .comment       0x00000088       0x89 ./RTD/src/OsIf_Timer_System.o
 .comment       0x00000088       0x89 ./RTD/src/OsIf_Timer_System_Internal_Systick.o
 .comment       0x00000088       0x89 ./RTD/src/Power_Ip.o
 .comment       0x00000088       0x89 ./RTD/src/Power_Ip_AEC.o
 .comment       0x00000088       0x89 ./RTD/src/Power_Ip_CortexM7.o
 .comment       0x00000088       0x89 ./RTD/src/Power_Ip_DCM_GPR.o
 .comment       0x00000088       0x89 ./RTD/src/Power_Ip_FLASH.o
 .comment       0x00000088       0x89 ./RTD/src/Power_Ip_MC_ME.o
 .comment       0x00000088       0x89 ./RTD/src/Power_Ip_MC_RGM.o
 .comment       0x00000088       0x89 ./RTD/src/Power_Ip_MC_RGM_Irq.o
 .comment       0x00000088       0x89 ./RTD/src/Power_Ip_PMC.o
 .comment       0x00000088       0x89 ./RTD/src/Power_Ip_PMC_Irq.o
 .comment       0x00000088       0x89 ./RTD/src/Power_Ip_Private.o
 .comment       0x00000088       0x89 ./RTD/src/Ram_Ip.o
 .comment       0x00000088       0x89 ./RTD/src/SchM_Can_43_FLEXCAN.o
 .comment       0x00000088       0x89 ./RTD/src/SchM_Mcu.o
 .comment       0x00000088       0x89 ./RTD/src/SchM_Port.o
 .comment       0x00000088       0x89 ./RTD/src/SchM_Spi.o
 .comment       0x00000088       0x89 ./RTD/src/Siul2_Port_Ip.o
 .comment       0x00000088       0x89 ./RTD/src/Tspc_Port_Ip.o
 .comment       0x00000088       0x89 ./board/Siul2_Port_Ip_Cfg.o
 .comment       0x00000088       0x89 ./board/Tspc_Port_Ip_Cfg.o
 .comment       0x00000088       0x89 ./generate/src/Clock_Ip_BOARD_InitPeripherals_PBcfg.o
 .comment       0x00000088       0x89 ./generate/src/Clock_Ip_Cfg.o
 .comment       0x00000088       0x89 ./generate/src/FlexCAN_Ip_Sa_BOARD_InitPeripherals_PBcfg.o
 .comment       0x00000088       0x89 ./generate/src/Igf_Port_Ip_Cfg.o
 .comment       0x00000088       0x89 ./generate/src/Lpi2c_Ip_BOARD_InitPeripherals_PBcfg.o
 .comment       0x00000088       0x89 ./generate/src/Lpspi_Ip_Sa_BOARD_InitPeripherals_PBcfg.o
 .comment       0x00000088       0x89 ./generate/src/Mcu_BOARD_InitPeripherals_PBcfg.o
 .comment       0x00000088       0x89 ./generate/src/Mcu_Cfg.o
 .comment       0x00000088       0x89 ./generate/src/OsIf_Cfg.o
 .comment       0x00000088       0x89 ./generate/src/Power_Ip_BOARD_InitPeripherals_PBcfg.o
 .comment       0x00000088       0x89 ./generate/src/Power_Ip_Cfg.o
 .comment       0x00000088       0x89 ./generate/src/Ram_Ip_BOARD_InitPeripherals_PBcfg.o
 .comment       0x00000088       0x89 ./generate/src/Ram_Ip_Cfg.o
 .comment       0x00000088       0x89 ./src/main.o
 .comment       0x00000088       0x89 c:/nxp/s32ds.3.5/s32ds/build_tools/gcc_v10.2/gcc-10.2-arm32-eabi/bin/../lib/gcc/arm-none-eabi/10.2.0/../../../../arm-none-eabi/lib/thumb/v7e-m+fp/hard\libc_nano.a(lib_a-memmove.o)
 .comment       0x00000088       0x89 c:/nxp/s32ds.3.5/s32ds/build_tools/gcc_v10.2/gcc-10.2-arm32-eabi/bin/../lib/gcc/arm-none-eabi/10.2.0/../../../../arm-none-eabi/lib/thumb/v7e-m+fp/hard\libc_nano.a(lib_a-memset.o)

.debug_info     0x00000000    0x31098
 .debug_info    0x00000000      0x139 ./Project_Settings/Startup_Code/exceptions.o
 .debug_info    0x00000139      0x76a ./Project_Settings/Startup_Code/nvic.o
 .debug_info    0x000008a3      0x36f ./Project_Settings/Startup_Code/startup.o
 .debug_info    0x00000c12       0x22 ./Project_Settings/Startup_Code/startup_cm7.o
 .debug_info    0x00000c34      0xc18 ./Project_Settings/Startup_Code/system.o
 .debug_info    0x0000184c     0x1f4e ./RTD/src/Clock_Ip.o
 .debug_info    0x0000379a     0x1634 ./RTD/src/Clock_Ip_Data.o
 .debug_info    0x00004dce      0x9ca ./RTD/src/Clock_Ip_Divider.o
 .debug_info    0x00005798      0x7a8 ./RTD/src/Clock_Ip_DividerTrigger.o
 .debug_info    0x00005f40      0xa57 ./RTD/src/Clock_Ip_ExtOsc.o
 .debug_info    0x00006997      0x56b ./RTD/src/Clock_Ip_FracDiv.o
 .debug_info    0x00006f02      0x3d9 ./RTD/src/Clock_Ip_Frequency.o
 .debug_info    0x000072db      0x98c ./RTD/src/Clock_Ip_Gate.o
 .debug_info    0x00007c67      0xd0d ./RTD/src/Clock_Ip_IntOsc.o
 .debug_info    0x00008974       0xb2 ./RTD/src/Clock_Ip_Irq.o
 .debug_info    0x00008a26     0x1333 ./RTD/src/Clock_Ip_Monitor.o
 .debug_info    0x00009d59      0xa77 ./RTD/src/Clock_Ip_Pll.o
 .debug_info    0x0000a7d0      0xf48 ./RTD/src/Clock_Ip_ProgFreqSwitch.o
 .debug_info    0x0000b718      0xfef ./RTD/src/Clock_Ip_Selector.o
 .debug_info    0x0000c707     0x188e ./RTD/src/Clock_Ip_Specific.o
 .debug_info    0x0000df95      0x420 ./RTD/src/Det.o
 .debug_info    0x0000e3b5      0x471 ./RTD/src/Det_stub.o
 .debug_info    0x0000e826     0x69cc ./RTD/src/FlexCAN_Ip.o
 .debug_info    0x000151f2     0x291a ./RTD/src/FlexCAN_Ip_HwAccess.o
 .debug_info    0x00017b0c      0x2b4 ./RTD/src/FlexCAN_Ip_Irq.o
 .debug_info    0x00017dc0       0x7d ./RTD/src/Igf_Port_Ip.o
 .debug_info    0x00017e3d     0x55fa ./RTD/src/Lpi2c_Ip.o
 .debug_info    0x0001d437      0x473 ./RTD/src/Lpi2c_Ip_HwAccess.o
 .debug_info    0x0001d8aa       0xde ./RTD/src/Lpi2c_Ip_Irq.o
 .debug_info    0x0001d988     0x1699 ./RTD/src/Lpspi_Ip.o
 .debug_info    0x0001f021       0xb8 ./RTD/src/Lpspi_Ip_Irq.o
 .debug_info    0x0001f0d9     0x154c ./RTD/src/Mcu.o
 .debug_info    0x00020625       0x7d ./RTD/src/Mcu_Dem_Wrapper.o
 .debug_info    0x000206a2     0x1445 ./RTD/src/Mcu_Ipw.o
 .debug_info    0x00021ae7       0x7d ./RTD/src/OsIf_Interrupts.o
 .debug_info    0x00021b64      0x2c7 ./RTD/src/OsIf_Timer.o
 .debug_info    0x00021e2b       0x7d ./RTD/src/OsIf_Timer_System.o
 .debug_info    0x00021ea8      0x196 ./RTD/src/OsIf_Timer_System_Internal_Systick.o
 .debug_info    0x0002203e      0x999 ./RTD/src/Power_Ip.o
 .debug_info    0x000229d7       0x7d ./RTD/src/Power_Ip_AEC.o
 .debug_info    0x00022a54      0x56e ./RTD/src/Power_Ip_CortexM7.o
 .debug_info    0x00022fc2      0x508 ./RTD/src/Power_Ip_DCM_GPR.o
 .debug_info    0x000234ca      0x31d ./RTD/src/Power_Ip_FLASH.o
 .debug_info    0x000237e7      0xe3d ./RTD/src/Power_Ip_MC_ME.o
 .debug_info    0x00024624      0xa82 ./RTD/src/Power_Ip_MC_RGM.o
 .debug_info    0x000250a6       0x7d ./RTD/src/Power_Ip_MC_RGM_Irq.o
 .debug_info    0x00025123      0x351 ./RTD/src/Power_Ip_PMC.o
 .debug_info    0x00025474       0x7d ./RTD/src/Power_Ip_PMC_Irq.o
 .debug_info    0x000254f1      0x323 ./RTD/src/Power_Ip_Private.o
 .debug_info    0x00025814      0x26c ./RTD/src/Ram_Ip.o
 .debug_info    0x00025a80     0x1205 ./RTD/src/SchM_Can_43_FLEXCAN.o
 .debug_info    0x00026c85      0x39b ./RTD/src/SchM_Mcu.o
 .debug_info    0x00027020     0x17a0 ./RTD/src/SchM_Port.o
 .debug_info    0x000287c0     0x106b ./RTD/src/SchM_Spi.o
 .debug_info    0x0002982b     0x27fb ./RTD/src/Siul2_Port_Ip.o
 .debug_info    0x0002c026      0x347 ./RTD/src/Tspc_Port_Ip.o
 .debug_info    0x0002c36d     0x1aef ./board/Siul2_Port_Ip_Cfg.o
 .debug_info    0x0002de5c       0x7d ./board/Tspc_Port_Ip_Cfg.o
 .debug_info    0x0002ded9      0xd9c ./generate/src/Clock_Ip_BOARD_InitPeripherals_PBcfg.o
 .debug_info    0x0002ec75       0x7d ./generate/src/Clock_Ip_Cfg.o
 .debug_info    0x0002ecf2      0x668 ./generate/src/FlexCAN_Ip_Sa_BOARD_InitPeripherals_PBcfg.o
 .debug_info    0x0002f35a       0x7d ./generate/src/Igf_Port_Ip_Cfg.o
 .debug_info    0x0002f3d7       0x7d ./generate/src/Lpi2c_Ip_BOARD_InitPeripherals_PBcfg.o
 .debug_info    0x0002f454      0x262 ./generate/src/Lpspi_Ip_Sa_BOARD_InitPeripherals_PBcfg.o